#-----------------------------------------------------------
# Vivado v2023.1 (64-bit)
# SW Build 3865809 on Sun May  7 15:05:29 MDT 2023
# IP Build 3864474 on Sun May  7 20:36:21 MDT 2023
# SharedData Build 3865790 on Sun May 07 13:33:03 MDT 2023
# Start of session at: Tue May 23 12:34:00 2023
# Process ID: 19120
# Current directory: C:/Users/duckp/OneDrive/Desktop/Coding_Projects/Vivado/Example_project_1/Example_project_1.runs/impl_1
# Command line: vivado.exe -log AND_GATE.vdi -applog -product Vivado -messageDb vivado.pb -mode batch -source AND_GATE.tcl -notrace
# Log file: C:/Users/duckp/OneDrive/Desktop/Coding_Projects/Vivado/Example_project_1/Example_project_1.runs/impl_1/AND_GATE.vdi
# Journal file: C:/Users/duckp/OneDrive/Desktop/Coding_Projects/Vivado/Example_project_1/Example_project_1.runs/impl_1\vivado.jou
# Running On: hyurtle, OS: Windows, CPU Frequency: 1996 MHz, CPU Physical cores: 16, Host memory: 12146 MB
#-----------------------------------------------------------
source AND_GATE.tcl -notrace
