
*** Running vivado
    with args -log instruction_picker.vds -m64 -product Vivado -mode batch -messageDb vivado.pb -notrace -source instruction_picker.tcl


ECHO is off.
ECHO is off.

****** Vivado v2023.1 (64-bit)
  **** SW Build 3865809 on Sun May  7 15:05:29 MDT 2023
  **** IP Build 3864474 on Sun May  7 20:36:21 MDT 2023
  **** SharedData Build 3865790 on Sun May 07 13:33:03 MDT 2023
    ** Copyright 1986-2022 Xilinx, Inc. All Rights Reserved.
    ** Copyright 2022-2023 Advanced Micro Devices, Inc. All Rights Reserved.

source instruction_picker.tcl -notrace
create_project: Time (s): cpu = 00:00:04 ; elapsed = 00:00:05 . Memory (MB): peak = 437.164 ; gain = 164.531
Command: read_checkpoint -auto_incremental -incremental C:/Users/duckp/OneDrive/Desktop/Coding_Projects/Vivado/project_1/project_1.srcs/utils_1/imports/synth_1/instruction_picker_tb.dcp
INFO: [Vivado 12-5825] Read reference checkpoint from C:/Users/duckp/OneDrive/Desktop/Coding_Projects/Vivado/project_1/project_1.srcs/utils_1/imports/synth_1/instruction_picker_tb.dcp for incremental synthesis
INFO: [Vivado 12-7989] Please ensure there are no constraint changes
Command: synth_design -top instruction_picker -part xc7a35tcpg236-1
Starting synth_design
Attempting to get a license for feature 'Synthesis' and/or device 'xc7a35t'
INFO: [Common 17-349] Got license for feature 'Synthesis' and/or device 'xc7a35t'
INFO: [Synth 8-7079] Multithreading enabled for synth_design using a maximum of 2 processes.
INFO: [Synth 8-7078] Launching helper process for spawning children vivado processes
INFO: [Synth 8-7075] Helper process launched with PID 24604
---------------------------------------------------------------------------------
Starting Synthesize : Time (s): cpu = 00:00:04 ; elapsed = 00:00:05 . Memory (MB): peak = 878.992 ; gain = 409.258
---------------------------------------------------------------------------------
INFO: [Synth 8-638] synthesizing module 'instruction_picker' [C:/Users/duckp/OneDrive/Desktop/Coding_Projects/Vivado/project_1/project_1.srcs/sources_1/imports/Lab4/components/Instruction_picker.vhdl:13]
WARNING: [Synth 8-614] signal 'branch_st' is read in the process but is not in the sensitivity list [C:/Users/duckp/OneDrive/Desktop/Coding_Projects/Vivado/project_1/project_1.srcs/sources_1/imports/Lab4/components/Instruction_picker.vhdl:27]
WARNING: [Synth 8-614] signal 'jump_bit' is read in the process but is not in the sensitivity list [C:/Users/duckp/OneDrive/Desktop/Coding_Projects/Vivado/project_1/project_1.srcs/sources_1/imports/Lab4/components/Instruction_picker.vhdl:27]
WARNING: [Synth 8-614] signal 'User_Input' is read in the process but is not in the sensitivity list [C:/Users/duckp/OneDrive/Desktop/Coding_Projects/Vivado/project_1/project_1.srcs/sources_1/imports/Lab4/components/Instruction_picker.vhdl:27]
INFO: [Synth 8-256] done synthesizing module 'instruction_picker' (0#1) [C:/Users/duckp/OneDrive/Desktop/Coding_Projects/Vivado/project_1/project_1.srcs/sources_1/imports/Lab4/components/Instruction_picker.vhdl:13]
WARNING: [Synth 8-6014] Unused sequential element jump_st_reg was removed.  [C:/Users/duckp/OneDrive/Desktop/Coding_Projects/Vivado/project_1/project_1.srcs/sources_1/imports/Lab4/components/Instruction_picker.vhdl:22]
---------------------------------------------------------------------------------
Finished Synthesize : Time (s): cpu = 00:00:06 ; elapsed = 00:00:07 . Memory (MB): peak = 969.031 ; gain = 499.297
---------------------------------------------------------------------------------
---------------------------------------------------------------------------------
Finished Constraint Validation : Time (s): cpu = 00:00:06 ; elapsed = 00:00:07 . Memory (MB): peak = 969.031 ; gain = 499.297
---------------------------------------------------------------------------------
---------------------------------------------------------------------------------
Start Loading Part and Timing Information
---------------------------------------------------------------------------------
Loading part: xc7a35tcpg236-1
---------------------------------------------------------------------------------
Finished Loading Part and Timing Information : Time (s): cpu = 00:00:06 ; elapsed = 00:00:07 . Memory (MB): peak = 969.031 ; gain = 499.297
---------------------------------------------------------------------------------
INFO: [Device 21-403] Loading part xc7a35tcpg236-1
---------------------------------------------------------------------------------
Start Preparing Guide Design
---------------------------------------------------------------------------------
CRITICAL WARNING: [Synth 8-6895] The reference checkpoint C:/Users/duckp/OneDrive/Desktop/Coding_Projects/Vivado/project_1/project_1.srcs/utils_1/imports/synth_1/instruction_picker_tb.dcp is not suitable for use with incremental synthesis for this design. Please regenerate the checkpoint for this design with -incremental_synth switch in the same Vivado session that synth_design has been run. Synthesis will continue with the default flow
---------------------------------------------------------------------------------
Finished Doing Graph Differ : Time (s): cpu = 00:00:06 ; elapsed = 00:00:08 . Memory (MB): peak = 969.031 ; gain = 499.297
---------------------------------------------------------------------------------
---------------------------------------------------------------------------------
Finished Preparing Guide Design : Time (s): cpu = 00:00:06 ; elapsed = 00:00:08 . Memory (MB): peak = 969.031 ; gain = 499.297
---------------------------------------------------------------------------------
---------------------------------------------------------------------------------
Finished RTL Optimization Phase 2 : Time (s): cpu = 00:00:06 ; elapsed = 00:00:08 . Memory (MB): peak = 969.031 ; gain = 499.297
---------------------------------------------------------------------------------


Incremental Synthesis Report Summary:

1. Incremental synthesis run: no

   Reason for not running incremental synthesis : 


INFO: [Synth 8-7130] Flow is switching to default flow due to incremental criteria not met. If you would like to alter this behaviour and have the flow terminate instead, please set the following parameter config_implementation {autoIncr.Synth.RejectBehavior Terminate}
No constraint files found.
---------------------------------------------------------------------------------
Start RTL Component Statistics 
---------------------------------------------------------------------------------
Detailed RTL Component Info : 
+---Registers : 
	                1 Bit    Registers := 1     
+---Muxes : 
	   2 Input    8 Bit        Muxes := 3     
---------------------------------------------------------------------------------
Finished RTL Component Statistics 
---------------------------------------------------------------------------------
---------------------------------------------------------------------------------
Start Part Resource Summary
---------------------------------------------------------------------------------
Part Resources:
DSPs: 90 (col length:60)
BRAMs: 100 (col length: RAMB18 60 RAMB36 30)
---------------------------------------------------------------------------------
Finished Part Resource Summary
---------------------------------------------------------------------------------
No constraint files found.
---------------------------------------------------------------------------------
Start Cross Boundary and Area Optimization
---------------------------------------------------------------------------------
WARNING: [Synth 8-7080] Parallel synthesis criteria is not met
---------------------------------------------------------------------------------
Finished Cross Boundary and Area Optimization : Time (s): cpu = 00:00:09 ; elapsed = 00:00:13 . Memory (MB): peak = 1161.449 ; gain = 691.715
---------------------------------------------------------------------------------
No constraint files found.
---------------------------------------------------------------------------------
Start Timing Optimization
---------------------------------------------------------------------------------
---------------------------------------------------------------------------------
Finished Timing Optimization : Time (s): cpu = 00:00:10 ; elapsed = 00:00:13 . Memory (MB): peak = 1161.449 ; gain = 691.715
---------------------------------------------------------------------------------
---------------------------------------------------------------------------------
Start Technology Mapping
---------------------------------------------------------------------------------
---------------------------------------------------------------------------------
Finished Technology Mapping : Time (s): cpu = 00:00:10 ; elapsed = 00:00:13 . Memory (MB): peak = 1161.449 ; gain = 691.715
---------------------------------------------------------------------------------
---------------------------------------------------------------------------------
Start IO Insertion
---------------------------------------------------------------------------------
---------------------------------------------------------------------------------
Start Flattening Before IO Insertion
---------------------------------------------------------------------------------
---------------------------------------------------------------------------------
Finished Flattening Before IO Insertion
---------------------------------------------------------------------------------
---------------------------------------------------------------------------------
Start Final Netlist Cleanup
---------------------------------------------------------------------------------
---------------------------------------------------------------------------------
Finished Final Netlist Cleanup
---------------------------------------------------------------------------------
---------------------------------------------------------------------------------
Finished IO Insertion : Time (s): cpu = 00:00:13 ; elapsed = 00:00:17 . Memory (MB): peak = 1161.449 ; gain = 691.715
---------------------------------------------------------------------------------
---------------------------------------------------------------------------------
Start Renaming Generated Instances
---------------------------------------------------------------------------------
---------------------------------------------------------------------------------
Finished Renaming Generated Instances : Time (s): cpu = 00:00:13 ; elapsed = 00:00:18 . Memory (MB): peak = 1161.449 ; gain = 691.715
---------------------------------------------------------------------------------
---------------------------------------------------------------------------------
Start Rebuilding User Hierarchy
---------------------------------------------------------------------------------
---------------------------------------------------------------------------------
Finished Rebuilding User Hierarchy : Time (s): cpu = 00:00:13 ; elapsed = 00:00:18 . Memory (MB): peak = 1161.449 ; gain = 691.715
---------------------------------------------------------------------------------
---------------------------------------------------------------------------------
Start Renaming Generated Ports
---------------------------------------------------------------------------------
---------------------------------------------------------------------------------
Finished Renaming Generated Ports : Time (s): cpu = 00:00:13 ; elapsed = 00:00:18 . Memory (MB): peak = 1161.449 ; gain = 691.715
---------------------------------------------------------------------------------
---------------------------------------------------------------------------------
Start Handling Custom Attributes
---------------------------------------------------------------------------------
---------------------------------------------------------------------------------
Finished Handling Custom Attributes : Time (s): cpu = 00:00:13 ; elapsed = 00:00:18 . Memory (MB): peak = 1161.449 ; gain = 691.715
---------------------------------------------------------------------------------
---------------------------------------------------------------------------------
Start Renaming Generated Nets
---------------------------------------------------------------------------------
---------------------------------------------------------------------------------
Finished Renaming Generated Nets : Time (s): cpu = 00:00:13 ; elapsed = 00:00:18 . Memory (MB): peak = 1161.449 ; gain = 691.715
---------------------------------------------------------------------------------
---------------------------------------------------------------------------------
Start Writing Synthesis Report
---------------------------------------------------------------------------------

Report BlackBoxes: 
+-+--------------+----------+
| |BlackBox name |Instances |
+-+--------------+----------+
+-+--------------+----------+

Report Cell Usage: 
+------+-----+------+
|      |Cell |Count |
+------+-----+------+
|1     |BUFG |     1|
|2     |LUT3 |     8|
|3     |FDRE |     1|
|4     |IBUF |    11|
|5     |OBUF |     8|
+------+-----+------+

Report Instance Areas: 
+------+---------+-------+------+
|      |Instance |Module |Cells |
+------+---------+-------+------+
|1     |top      |       |    29|
+------+---------+-------+------+
---------------------------------------------------------------------------------
Finished Writing Synthesis Report : Time (s): cpu = 00:00:13 ; elapsed = 00:00:18 . Memory (MB): peak = 1161.449 ; gain = 691.715
---------------------------------------------------------------------------------
Synthesis finished with 0 errors, 1 critical warnings and 5 warnings.
Synthesis Optimization Runtime : Time (s): cpu = 00:00:13 ; elapsed = 00:00:18 . Memory (MB): peak = 1161.449 ; gain = 691.715
Synthesis Optimization Complete : Time (s): cpu = 00:00:13 ; elapsed = 00:00:18 . Memory (MB): peak = 1161.449 ; gain = 691.715
INFO: [Project 1-571] Translating synthesized netlist
Netlist sorting complete. Time (s): cpu = 00:00:00 ; elapsed = 00:00:00.001 . Memory (MB): peak = 1174.367 ; gain = 0.000
INFO: [Project 1-570] Preparing netlist for logic optimization
INFO: [Opt 31-138] Pushed 0 inverter(s) to 0 load pin(s).
Netlist sorting complete. Time (s): cpu = 00:00:00 ; elapsed = 00:00:00 . Memory (MB): peak = 1270.211 ; gain = 0.000
INFO: [Project 1-111] Unisim Transformation Summary:
No Unisim elements were transformed.

Synth Design complete | Checksum: 100cfc1b
INFO: [Common 17-83] Releasing license: Synthesis
15 Infos, 5 Warnings, 1 Critical Warnings and 0 Errors encountered.
synth_design completed successfully
synth_design: Time (s): cpu = 00:00:15 ; elapsed = 00:00:19 . Memory (MB): peak = 1270.211 ; gain = 808.211
INFO: [runtcl-6] Synthesis results are not added to the cache due to CRITICAL_WARNING
INFO: [Common 17-1381] The checkpoint 'C:/Users/duckp/OneDrive/Desktop/Coding_Projects/Vivado/project_1/project_1.runs/synth_1/instruction_picker.dcp' has been generated.
INFO: [runtcl-4] Executing : report_utilization -file instruction_picker_utilization_synth.rpt -pb instruction_picker_utilization_synth.pb
INFO: [Common 17-206] Exiting Vivado at Wed May 24 21:54:43 2023...
