Copyright 1986-2022 Xilinx, Inc. All Rights Reserved. Copyright 2022-2023 Advanced Micro Devices, Inc. All Rights Reserved.
---------------------------------------------------------------------------------------------------------------------------------------------------------------------------------------------------------------------------------
| Tool Version : Vivado v.2023.1 (win64) Build 3865809 Sun May  7 15:05:29 MDT 2023
| Date         : Wed May 24 19:57:55 2023
| Host         : hyurtle running 64-bit major release  (build 9200)
| Command      : report_timing_summary -max_paths 10 -report_unconstrained -file print_module_timing_summary_routed.rpt -pb print_module_timing_summary_routed.pb -rpx print_module_timing_summary_routed.rpx -warn_on_violation
| Design       : print_module
| Device       : 7a35t-cpg236
| Speed File   : -1  PRODUCTION 1.23 2018-06-13
| Design State : Routed
---------------------------------------------------------------------------------------------------------------------------------------------------------------------------------------------------------------------------------

Timing Summary Report

------------------------------------------------------------------------------------------------
| Timer Settings
| --------------
------------------------------------------------------------------------------------------------

  Enable Multi Corner Analysis               :  Yes
  Enable Pessimism Removal                   :  Yes
  Pessimism Removal Resolution               :  Nearest Common Node
  Enable Input Delay Default Clock           :  No
  Enable Preset / Clear Arcs                 :  No
  Disable Flight Delays                      :  No
  Ignore I/O Paths                           :  No
  Timing Early Launch at Borrowing Latches   :  No
  Borrow Time for Max Delay Exceptions       :  Yes
  Merge Timing Exceptions                    :  Yes

  Corner  Analyze    Analyze    
  Name    Max Paths  Min Paths  
  ------  ---------  ---------  
  Slow    Yes        Yes        
  Fast    Yes        Yes        


------------------------------------------------------------------------------------------------
| Report Methodology
| ------------------
------------------------------------------------------------------------------------------------

Rule       Severity          Description                     Violations  
---------  ----------------  ------------------------------  ----------  
TIMING-17  Critical Warning  Non-clocked sequential cell     43          
LUTAR-1    Warning           LUT drives async reset alert    1           
TIMING-20  Warning           Non-clocked latch               13          
LATCH-1    Advisory          Existing latches in the design  1           

Note: This report is based on the most recent report_methodology run and may not be up-to-date. Run report_methodology on the current design for the latest report.



check_timing report

Table of Contents
-----------------
1. checking no_clock (140)
2. checking constant_clock (0)
3. checking pulse_width_clock (0)
4. checking unconstrained_internal_endpoints (68)
5. checking no_input_delay (8)
6. checking no_output_delay (11)
7. checking multiple_clock (0)
8. checking generated_clocks (0)
9. checking loops (0)
10. checking partial_input_delay (0)
11. checking partial_output_delay (0)
12. checking latch_loops (0)

1. checking no_clock (140)
--------------------------
 There are 43 register/latch pins with no clock driven by root clock pin: clock_100Mhz (HIGH)

 There are 12 register/latch pins with no clock driven by root clock pin: sw[0] (HIGH)

 There are 12 register/latch pins with no clock driven by root clock pin: sw[1] (HIGH)

 There are 12 register/latch pins with no clock driven by root clock pin: sw[2] (HIGH)

 There are 12 register/latch pins with no clock driven by root clock pin: sw[3] (HIGH)

 There are 12 register/latch pins with no clock driven by root clock pin: sw[4] (HIGH)

 There are 12 register/latch pins with no clock driven by root clock pin: sw[5] (HIGH)

 There are 12 register/latch pins with no clock driven by root clock pin: sw[6] (HIGH)

 There are 13 register/latch pins with no clock driven by root clock pin: sw[7] (HIGH)


2. checking constant_clock (0)
------------------------------
 There are 0 register/latch pins with constant_clock.


3. checking pulse_width_clock (0)
---------------------------------
 There are 0 register/latch pins which need pulse_width check


4. checking unconstrained_internal_endpoints (68)
-------------------------------------------------
 There are 68 pins that are not constrained for maximum delay. (HIGH)

 There are 0 pins that are not constrained for maximum delay due to constant clock.


5. checking no_input_delay (8)
------------------------------
 There are 8 input ports with no input delay specified. (HIGH)

 There are 0 input ports with no input delay but user has a false path constraint.


6. checking no_output_delay (11)
--------------------------------
 There are 11 ports with no output delay specified. (HIGH)

 There are 0 ports with no output delay but user has a false path constraint

 There are 0 ports with no output delay but with a timing clock defined on it or propagating through it


7. checking multiple_clock (0)
------------------------------
 There are 0 register/latch pins with multiple clocks.


8. checking generated_clocks (0)
--------------------------------
 There are 0 generated clocks that are not connected to a clock source.


9. checking loops (0)
---------------------
 There are 0 combinational loops in the design.


10. checking partial_input_delay (0)
------------------------------------
 There are 0 input ports with partial input delay specified.


11. checking partial_output_delay (0)
-------------------------------------
 There are 0 ports with partial output delay specified.


12. checking latch_loops (0)
----------------------------
 There are 0 combinational latch loops in the design through latch input



------------------------------------------------------------------------------------------------
| Design Timing Summary
| ---------------------
------------------------------------------------------------------------------------------------

    WNS(ns)      TNS(ns)  TNS Failing Endpoints  TNS Total Endpoints      WHS(ns)      THS(ns)  THS Failing Endpoints  THS Total Endpoints     WPWS(ns)     TPWS(ns)  TPWS Failing Endpoints  TPWS Total Endpoints  
    -------      -------  ---------------------  -------------------      -------      -------  ---------------------  -------------------     --------     --------  ----------------------  --------------------  
        inf        0.000                      0                   79          inf        0.000                      0                   79           NA           NA                      NA                    NA  


There are no user specified timing constraints.


------------------------------------------------------------------------------------------------
| Clock Summary
| -------------
------------------------------------------------------------------------------------------------


------------------------------------------------------------------------------------------------
| Intra Clock Table
| -----------------
------------------------------------------------------------------------------------------------

Clock             WNS(ns)      TNS(ns)  TNS Failing Endpoints  TNS Total Endpoints      WHS(ns)      THS(ns)  THS Failing Endpoints  THS Total Endpoints     WPWS(ns)     TPWS(ns)  TPWS Failing Endpoints  TPWS Total Endpoints  
-----             -------      -------  ---------------------  -------------------      -------      -------  ---------------------  -------------------     --------     --------  ----------------------  --------------------  


------------------------------------------------------------------------------------------------
| Inter Clock Table
| -----------------
------------------------------------------------------------------------------------------------

From Clock    To Clock          WNS(ns)      TNS(ns)  TNS Failing Endpoints  TNS Total Endpoints      WHS(ns)      THS(ns)  THS Failing Endpoints  THS Total Endpoints  
----------    --------          -------      -------  ---------------------  -------------------      -------      -------  ---------------------  -------------------  


------------------------------------------------------------------------------------------------
| Other Path Groups Table
| -----------------------
------------------------------------------------------------------------------------------------

Path Group    From Clock    To Clock          WNS(ns)      TNS(ns)  TNS Failing Endpoints  TNS Total Endpoints      WHS(ns)      THS(ns)  THS Failing Endpoints  THS Total Endpoints  
----------    ----------    --------          -------      -------  ---------------------  -------------------      -------      -------  ---------------------  -------------------  


------------------------------------------------------------------------------------------------
| User Ignored Path Table
| -----------------------
------------------------------------------------------------------------------------------------

Path Group    From Clock    To Clock    
----------    ----------    --------    


------------------------------------------------------------------------------------------------
| Unconstrained Path Table
| ------------------------
------------------------------------------------------------------------------------------------

Path Group    From Clock    To Clock    
----------    ----------    --------    
(none)                                    


------------------------------------------------------------------------------------------------
| Timing Details
| --------------
------------------------------------------------------------------------------------------------


--------------------------------------------------------------------------------------
Path Group:  (none)
From Clock:  
  To Clock:  

Max Delay            79 Endpoints
Min Delay            79 Endpoints
--------------------------------------------------------------------------------------


Max Delay Paths
--------------------------------------------------------------------------------------
Slack:                    inf
  Source:                 sw[7]
                            (input port)
  Destination:            digits_reg[1][2]/D
  Path Group:             (none)
  Path Type:              Max at Slow Process Corner
  Data Path Delay:        14.352ns  (logic 3.824ns (26.644%)  route 10.528ns (73.356%))
  Logic Levels:           11  (CARRY4=4 IBUF=1 LUT2=1 LUT3=1 LUT4=1 LUT5=1 LUT6=2)

    Location             Delay type                Incr(ns)  Path(ns)    Netlist Resource(s)
  -------------------------------------------------------------------    -------------------
    C15                                               0.000     0.000 r  sw[7] (IN)
                         net (fo=0)                   0.000     0.000    sw[7]
    C15                  IBUF (Prop_ibuf_I_O)         0.935     0.935 r  sw_IBUF[7]_inst/O
                         net (fo=43, routed)          5.962     6.897    sw_IBUF[7]
    SLICE_X55Y14         LUT6 (Prop_lut6_I1_O)        0.124     7.021 r  digits_reg[0][3]_i_14/O
                         net (fo=3, routed)           0.845     7.866    digits_reg[0][3]_i_14_n_0
    SLICE_X53Y14         LUT2 (Prop_lut2_I1_O)        0.124     7.990 r  digits_reg[2][3]_i_18/O
                         net (fo=1, routed)           0.000     7.990    digits_reg[2][3]_i_18_n_0
    SLICE_X53Y14         CARRY4 (Prop_carry4_S[1]_CO[3])
                                                      0.550     8.540 r  digits_reg[2][3]_i_4/CO[3]
                         net (fo=1, routed)           0.000     8.540    digits_reg[2][3]_i_4_n_0
    SLICE_X53Y15         CARRY4 (Prop_carry4_CI_O[0])
                                                      0.222     8.762 r  digits_reg[2][3]_i_2/O[0]
                         net (fo=17, routed)          0.948     9.711    digits_reg[2][3]_i_2_n_7
    SLICE_X51Y13         LUT5 (Prop_lut5_I0_O)        0.299    10.010 r  digits_reg[2][3]_i_21/O
                         net (fo=2, routed)           0.796    10.806    digits_reg[2][3]_i_21_n_0
    SLICE_X52Y13         LUT3 (Prop_lut3_I0_O)        0.124    10.930 r  digits_reg[2][3]_i_24/O
                         net (fo=1, routed)           0.000    10.930    digits_reg[2][3]_i_24_n_0
    SLICE_X52Y13         CARRY4 (Prop_carry4_S[1]_CO[3])
                                                      0.533    11.463 r  digits_reg[2][3]_i_6/CO[3]
                         net (fo=1, routed)           0.000    11.463    digits_reg[2][3]_i_6_n_0
    SLICE_X52Y14         CARRY4 (Prop_carry4_CI_CO[2])
                                                      0.229    11.692 r  digits_reg[2][3]_i_3/CO[2]
                         net (fo=8, routed)           0.999    12.691    digits_reg[2][3]_i_3_n_1
    SLICE_X54Y16         LUT4 (Prop_lut4_I3_O)        0.336    13.027 f  digits_reg[1][2]_i_5/O
                         net (fo=1, routed)           0.598    13.625    digits_reg[1][2]_i_5_n_0
    SLICE_X56Y16         LUT6 (Prop_lut6_I3_O)        0.348    13.973 r  digits_reg[1][2]_i_1/O
                         net (fo=1, routed)           0.379    14.352    digits_reg[1][2]_i_1_n_0
    SLICE_X56Y16         LDCE                                         r  digits_reg[1][2]/D
  -------------------------------------------------------------------    -------------------

Slack:                    inf
  Source:                 sw[7]
                            (input port)
  Destination:            digits_reg[1][3]/D
  Path Group:             (none)
  Path Type:              Max at Slow Process Corner
  Data Path Delay:        14.210ns  (logic 3.574ns (25.152%)  route 10.636ns (74.848%))
  Logic Levels:           11  (CARRY4=4 IBUF=1 LUT2=1 LUT3=1 LUT5=1 LUT6=3)

    Location             Delay type                Incr(ns)  Path(ns)    Netlist Resource(s)
  -------------------------------------------------------------------    -------------------
    C15                                               0.000     0.000 r  sw[7] (IN)
                         net (fo=0)                   0.000     0.000    sw[7]
    C15                  IBUF (Prop_ibuf_I_O)         0.935     0.935 r  sw_IBUF[7]_inst/O
                         net (fo=43, routed)          5.962     6.897    sw_IBUF[7]
    SLICE_X55Y14         LUT6 (Prop_lut6_I1_O)        0.124     7.021 r  digits_reg[0][3]_i_14/O
                         net (fo=3, routed)           0.845     7.866    digits_reg[0][3]_i_14_n_0
    SLICE_X53Y14         LUT2 (Prop_lut2_I1_O)        0.124     7.990 r  digits_reg[2][3]_i_18/O
                         net (fo=1, routed)           0.000     7.990    digits_reg[2][3]_i_18_n_0
    SLICE_X53Y14         CARRY4 (Prop_carry4_S[1]_CO[3])
                                                      0.550     8.540 r  digits_reg[2][3]_i_4/CO[3]
                         net (fo=1, routed)           0.000     8.540    digits_reg[2][3]_i_4_n_0
    SLICE_X53Y15         CARRY4 (Prop_carry4_CI_O[0])
                                                      0.222     8.762 r  digits_reg[2][3]_i_2/O[0]
                         net (fo=17, routed)          0.948     9.711    digits_reg[2][3]_i_2_n_7
    SLICE_X51Y13         LUT5 (Prop_lut5_I0_O)        0.299    10.010 r  digits_reg[2][3]_i_21/O
                         net (fo=2, routed)           0.796    10.806    digits_reg[2][3]_i_21_n_0
    SLICE_X52Y13         LUT3 (Prop_lut3_I0_O)        0.124    10.930 r  digits_reg[2][3]_i_24/O
                         net (fo=1, routed)           0.000    10.930    digits_reg[2][3]_i_24_n_0
    SLICE_X52Y13         CARRY4 (Prop_carry4_S[1]_CO[3])
                                                      0.533    11.463 r  digits_reg[2][3]_i_6/CO[3]
                         net (fo=1, routed)           0.000    11.463    digits_reg[2][3]_i_6_n_0
    SLICE_X52Y14         CARRY4 (Prop_carry4_CI_CO[2])
                                                      0.229    11.692 f  digits_reg[2][3]_i_3/CO[2]
                         net (fo=8, routed)           1.158    12.850    digits_reg[2][3]_i_3_n_1
    SLICE_X54Y17         LUT6 (Prop_lut6_I5_O)        0.310    13.160 r  digits_reg[1][3]_i_2/O
                         net (fo=1, routed)           0.593    13.754    digits_reg[1][3]_i_2_n_0
    SLICE_X54Y15         LUT6 (Prop_lut6_I0_O)        0.124    13.878 r  digits_reg[1][3]_i_1/O
                         net (fo=1, routed)           0.332    14.210    digits_reg[1][3]_i_1_n_0
    SLICE_X54Y17         LDCE                                         r  digits_reg[1][3]/D
  -------------------------------------------------------------------    -------------------

Slack:                    inf
  Source:                 sw[7]
                            (input port)
  Destination:            digits_reg[1][0]/D
  Path Group:             (none)
  Path Type:              Max at Slow Process Corner
  Data Path Delay:        14.191ns  (logic 3.574ns (25.185%)  route 10.617ns (74.815%))
  Logic Levels:           11  (CARRY4=4 IBUF=1 LUT2=1 LUT3=2 LUT5=1 LUT6=2)

    Location             Delay type                Incr(ns)  Path(ns)    Netlist Resource(s)
  -------------------------------------------------------------------    -------------------
    C15                                               0.000     0.000 r  sw[7] (IN)
                         net (fo=0)                   0.000     0.000    sw[7]
    C15                  IBUF (Prop_ibuf_I_O)         0.935     0.935 r  sw_IBUF[7]_inst/O
                         net (fo=43, routed)          5.962     6.897    sw_IBUF[7]
    SLICE_X55Y14         LUT6 (Prop_lut6_I1_O)        0.124     7.021 r  digits_reg[0][3]_i_14/O
                         net (fo=3, routed)           0.845     7.866    digits_reg[0][3]_i_14_n_0
    SLICE_X53Y14         LUT2 (Prop_lut2_I1_O)        0.124     7.990 r  digits_reg[2][3]_i_18/O
                         net (fo=1, routed)           0.000     7.990    digits_reg[2][3]_i_18_n_0
    SLICE_X53Y14         CARRY4 (Prop_carry4_S[1]_CO[3])
                                                      0.550     8.540 r  digits_reg[2][3]_i_4/CO[3]
                         net (fo=1, routed)           0.000     8.540    digits_reg[2][3]_i_4_n_0
    SLICE_X53Y15         CARRY4 (Prop_carry4_CI_O[0])
                                                      0.222     8.762 r  digits_reg[2][3]_i_2/O[0]
                         net (fo=17, routed)          0.948     9.711    digits_reg[2][3]_i_2_n_7
    SLICE_X51Y13         LUT5 (Prop_lut5_I0_O)        0.299    10.010 r  digits_reg[2][3]_i_21/O
                         net (fo=2, routed)           0.796    10.806    digits_reg[2][3]_i_21_n_0
    SLICE_X52Y13         LUT3 (Prop_lut3_I0_O)        0.124    10.930 r  digits_reg[2][3]_i_24/O
                         net (fo=1, routed)           0.000    10.930    digits_reg[2][3]_i_24_n_0
    SLICE_X52Y13         CARRY4 (Prop_carry4_S[1]_CO[3])
                                                      0.533    11.463 r  digits_reg[2][3]_i_6/CO[3]
                         net (fo=1, routed)           0.000    11.463    digits_reg[2][3]_i_6_n_0
    SLICE_X52Y14         CARRY4 (Prop_carry4_CI_CO[2])
                                                      0.229    11.692 r  digits_reg[2][3]_i_3/CO[2]
                         net (fo=8, routed)           1.169    12.861    digits_reg[2][3]_i_3_n_1
    SLICE_X54Y16         LUT3 (Prop_lut3_I2_O)        0.310    13.171 r  digits_reg[1][0]_i_2/O
                         net (fo=1, routed)           0.565    13.736    digits_reg[1][0]_i_2_n_0
    SLICE_X56Y16         LUT6 (Prop_lut6_I2_O)        0.124    13.860 r  digits_reg[1][0]_i_1/O
                         net (fo=1, routed)           0.331    14.191    digits_reg[1][0]_i_1_n_0
    SLICE_X56Y16         LDCE                                         r  digits_reg[1][0]/D
  -------------------------------------------------------------------    -------------------

Slack:                    inf
  Source:                 sw[7]
                            (input port)
  Destination:            digits_reg[1][1]/D
  Path Group:             (none)
  Path Type:              Max at Slow Process Corner
  Data Path Delay:        13.873ns  (logic 3.574ns (25.762%)  route 10.299ns (74.238%))
  Logic Levels:           11  (CARRY4=4 IBUF=1 LUT2=1 LUT3=1 LUT4=1 LUT5=2 LUT6=1)

    Location             Delay type                Incr(ns)  Path(ns)    Netlist Resource(s)
  -------------------------------------------------------------------    -------------------
    C15                                               0.000     0.000 r  sw[7] (IN)
                         net (fo=0)                   0.000     0.000    sw[7]
    C15                  IBUF (Prop_ibuf_I_O)         0.935     0.935 r  sw_IBUF[7]_inst/O
                         net (fo=43, routed)          5.962     6.897    sw_IBUF[7]
    SLICE_X55Y14         LUT6 (Prop_lut6_I1_O)        0.124     7.021 r  digits_reg[0][3]_i_14/O
                         net (fo=3, routed)           0.845     7.866    digits_reg[0][3]_i_14_n_0
    SLICE_X53Y14         LUT2 (Prop_lut2_I1_O)        0.124     7.990 r  digits_reg[2][3]_i_18/O
                         net (fo=1, routed)           0.000     7.990    digits_reg[2][3]_i_18_n_0
    SLICE_X53Y14         CARRY4 (Prop_carry4_S[1]_CO[3])
                                                      0.550     8.540 r  digits_reg[2][3]_i_4/CO[3]
                         net (fo=1, routed)           0.000     8.540    digits_reg[2][3]_i_4_n_0
    SLICE_X53Y15         CARRY4 (Prop_carry4_CI_O[0])
                                                      0.222     8.762 r  digits_reg[2][3]_i_2/O[0]
                         net (fo=17, routed)          0.948     9.711    digits_reg[2][3]_i_2_n_7
    SLICE_X51Y13         LUT5 (Prop_lut5_I0_O)        0.299    10.010 r  digits_reg[2][3]_i_21/O
                         net (fo=2, routed)           0.796    10.806    digits_reg[2][3]_i_21_n_0
    SLICE_X52Y13         LUT3 (Prop_lut3_I0_O)        0.124    10.930 r  digits_reg[2][3]_i_24/O
                         net (fo=1, routed)           0.000    10.930    digits_reg[2][3]_i_24_n_0
    SLICE_X52Y13         CARRY4 (Prop_carry4_S[1]_CO[3])
                                                      0.533    11.463 r  digits_reg[2][3]_i_6/CO[3]
                         net (fo=1, routed)           0.000    11.463    digits_reg[2][3]_i_6_n_0
    SLICE_X52Y14         CARRY4 (Prop_carry4_CI_CO[2])
                                                      0.229    11.692 r  digits_reg[2][3]_i_3/CO[2]
                         net (fo=8, routed)           0.999    12.691    digits_reg[2][3]_i_3_n_1
    SLICE_X54Y16         LUT4 (Prop_lut4_I0_O)        0.310    13.001 r  digits_reg[1][1]_i_2/O
                         net (fo=1, routed)           0.161    13.162    digits_reg[1][1]_i_2_n_0
    SLICE_X54Y16         LUT5 (Prop_lut5_I4_O)        0.124    13.286 r  digits_reg[1][1]_i_1/O
                         net (fo=1, routed)           0.587    13.873    digits_reg[1][1]_i_1_n_0
    SLICE_X54Y16         LDCE                                         r  digits_reg[1][1]/D
  -------------------------------------------------------------------    -------------------

Slack:                    inf
  Source:                 sw[7]
                            (input port)
  Destination:            digits_reg[2][3]/D
  Path Group:             (none)
  Path Type:              Max at Slow Process Corner
  Data Path Delay:        13.800ns  (logic 3.474ns (25.175%)  route 10.326ns (74.825%))
  Logic Levels:           10  (CARRY4=4 IBUF=1 LUT2=1 LUT3=1 LUT4=1 LUT5=1 LUT6=1)

    Location             Delay type                Incr(ns)  Path(ns)    Netlist Resource(s)
  -------------------------------------------------------------------    -------------------
    C15                                               0.000     0.000 r  sw[7] (IN)
                         net (fo=0)                   0.000     0.000    sw[7]
    C15                  IBUF (Prop_ibuf_I_O)         0.935     0.935 r  sw_IBUF[7]_inst/O
                         net (fo=43, routed)          5.962     6.897    sw_IBUF[7]
    SLICE_X55Y14         LUT6 (Prop_lut6_I1_O)        0.124     7.021 r  digits_reg[0][3]_i_14/O
                         net (fo=3, routed)           0.845     7.866    digits_reg[0][3]_i_14_n_0
    SLICE_X53Y14         LUT2 (Prop_lut2_I1_O)        0.124     7.990 r  digits_reg[2][3]_i_18/O
                         net (fo=1, routed)           0.000     7.990    digits_reg[2][3]_i_18_n_0
    SLICE_X53Y14         CARRY4 (Prop_carry4_S[1]_CO[3])
                                                      0.550     8.540 r  digits_reg[2][3]_i_4/CO[3]
                         net (fo=1, routed)           0.000     8.540    digits_reg[2][3]_i_4_n_0
    SLICE_X53Y15         CARRY4 (Prop_carry4_CI_O[0])
                                                      0.222     8.762 r  digits_reg[2][3]_i_2/O[0]
                         net (fo=17, routed)          0.948     9.711    digits_reg[2][3]_i_2_n_7
    SLICE_X51Y13         LUT5 (Prop_lut5_I0_O)        0.299    10.010 r  digits_reg[2][3]_i_21/O
                         net (fo=2, routed)           0.796    10.806    digits_reg[2][3]_i_21_n_0
    SLICE_X52Y13         LUT3 (Prop_lut3_I0_O)        0.124    10.930 r  digits_reg[2][3]_i_24/O
                         net (fo=1, routed)           0.000    10.930    digits_reg[2][3]_i_24_n_0
    SLICE_X52Y13         CARRY4 (Prop_carry4_S[1]_CO[3])
                                                      0.533    11.463 r  digits_reg[2][3]_i_6/CO[3]
                         net (fo=1, routed)           0.000    11.463    digits_reg[2][3]_i_6_n_0
    SLICE_X52Y14         CARRY4 (Prop_carry4_CI_CO[2])
                                                      0.229    11.692 f  digits_reg[2][3]_i_3/CO[2]
                         net (fo=8, routed)           1.160    12.852    digits_reg[2][3]_i_3_n_1
    SLICE_X54Y17         LUT4 (Prop_lut4_I3_O)        0.334    13.186 r  digits_reg[2][3]_i_1/O
                         net (fo=1, routed)           0.613    13.800    digits_reg[2][3]_i_1_n_0
    SLICE_X55Y17         LDCE                                         r  digits_reg[2][3]/D
  -------------------------------------------------------------------    -------------------

Slack:                    inf
  Source:                 sw[7]
                            (input port)
  Destination:            digits_reg[2][0]/D
  Path Group:             (none)
  Path Type:              Max at Slow Process Corner
  Data Path Delay:        13.760ns  (logic 3.450ns (25.072%)  route 10.310ns (74.928%))
  Logic Levels:           10  (CARRY4=4 IBUF=1 LUT2=1 LUT3=1 LUT5=2 LUT6=1)

    Location             Delay type                Incr(ns)  Path(ns)    Netlist Resource(s)
  -------------------------------------------------------------------    -------------------
    C15                                               0.000     0.000 r  sw[7] (IN)
                         net (fo=0)                   0.000     0.000    sw[7]
    C15                  IBUF (Prop_ibuf_I_O)         0.935     0.935 r  sw_IBUF[7]_inst/O
                         net (fo=43, routed)          5.962     6.897    sw_IBUF[7]
    SLICE_X55Y14         LUT6 (Prop_lut6_I1_O)        0.124     7.021 r  digits_reg[0][3]_i_14/O
                         net (fo=3, routed)           0.845     7.866    digits_reg[0][3]_i_14_n_0
    SLICE_X53Y14         LUT2 (Prop_lut2_I1_O)        0.124     7.990 r  digits_reg[2][3]_i_18/O
                         net (fo=1, routed)           0.000     7.990    digits_reg[2][3]_i_18_n_0
    SLICE_X53Y14         CARRY4 (Prop_carry4_S[1]_CO[3])
                                                      0.550     8.540 r  digits_reg[2][3]_i_4/CO[3]
                         net (fo=1, routed)           0.000     8.540    digits_reg[2][3]_i_4_n_0
    SLICE_X53Y15         CARRY4 (Prop_carry4_CI_O[0])
                                                      0.222     8.762 r  digits_reg[2][3]_i_2/O[0]
                         net (fo=17, routed)          0.948     9.711    digits_reg[2][3]_i_2_n_7
    SLICE_X51Y13         LUT5 (Prop_lut5_I0_O)        0.299    10.010 r  digits_reg[2][3]_i_21/O
                         net (fo=2, routed)           0.796    10.806    digits_reg[2][3]_i_21_n_0
    SLICE_X52Y13         LUT3 (Prop_lut3_I0_O)        0.124    10.930 r  digits_reg[2][3]_i_24/O
                         net (fo=1, routed)           0.000    10.930    digits_reg[2][3]_i_24_n_0
    SLICE_X52Y13         CARRY4 (Prop_carry4_S[1]_CO[3])
                                                      0.533    11.463 r  digits_reg[2][3]_i_6/CO[3]
                         net (fo=1, routed)           0.000    11.463    digits_reg[2][3]_i_6_n_0
    SLICE_X52Y14         CARRY4 (Prop_carry4_CI_CO[2])
                                                      0.229    11.692 r  digits_reg[2][3]_i_3/CO[2]
                         net (fo=8, routed)           1.160    12.852    digits_reg[2][3]_i_3_n_1
    SLICE_X54Y17         LUT5 (Prop_lut5_I2_O)        0.310    13.162 r  digits_reg[2][0]_i_1/O
                         net (fo=1, routed)           0.598    13.760    digits_reg[2][0]_i_1_n_0
    SLICE_X55Y17         LDCE                                         r  digits_reg[2][0]/D
  -------------------------------------------------------------------    -------------------

Slack:                    inf
  Source:                 sw[7]
                            (input port)
  Destination:            digits_reg[2][1]/D
  Path Group:             (none)
  Path Type:              Max at Slow Process Corner
  Data Path Delay:        13.501ns  (logic 3.450ns (25.554%)  route 10.051ns (74.446%))
  Logic Levels:           10  (CARRY4=4 IBUF=1 LUT2=1 LUT3=1 LUT5=1 LUT6=2)

    Location             Delay type                Incr(ns)  Path(ns)    Netlist Resource(s)
  -------------------------------------------------------------------    -------------------
    C15                                               0.000     0.000 r  sw[7] (IN)
                         net (fo=0)                   0.000     0.000    sw[7]
    C15                  IBUF (Prop_ibuf_I_O)         0.935     0.935 r  sw_IBUF[7]_inst/O
                         net (fo=43, routed)          5.962     6.897    sw_IBUF[7]
    SLICE_X55Y14         LUT6 (Prop_lut6_I1_O)        0.124     7.021 r  digits_reg[0][3]_i_14/O
                         net (fo=3, routed)           0.845     7.866    digits_reg[0][3]_i_14_n_0
    SLICE_X53Y14         LUT2 (Prop_lut2_I1_O)        0.124     7.990 r  digits_reg[2][3]_i_18/O
                         net (fo=1, routed)           0.000     7.990    digits_reg[2][3]_i_18_n_0
    SLICE_X53Y14         CARRY4 (Prop_carry4_S[1]_CO[3])
                                                      0.550     8.540 r  digits_reg[2][3]_i_4/CO[3]
                         net (fo=1, routed)           0.000     8.540    digits_reg[2][3]_i_4_n_0
    SLICE_X53Y15         CARRY4 (Prop_carry4_CI_O[0])
                                                      0.222     8.762 r  digits_reg[2][3]_i_2/O[0]
                         net (fo=17, routed)          0.948     9.711    digits_reg[2][3]_i_2_n_7
    SLICE_X51Y13         LUT5 (Prop_lut5_I0_O)        0.299    10.010 r  digits_reg[2][3]_i_21/O
                         net (fo=2, routed)           0.796    10.806    digits_reg[2][3]_i_21_n_0
    SLICE_X52Y13         LUT3 (Prop_lut3_I0_O)        0.124    10.930 r  digits_reg[2][3]_i_24/O
                         net (fo=1, routed)           0.000    10.930    digits_reg[2][3]_i_24_n_0
    SLICE_X52Y13         CARRY4 (Prop_carry4_S[1]_CO[3])
                                                      0.533    11.463 r  digits_reg[2][3]_i_6/CO[3]
                         net (fo=1, routed)           0.000    11.463    digits_reg[2][3]_i_6_n_0
    SLICE_X52Y14         CARRY4 (Prop_carry4_CI_CO[2])
                                                      0.229    11.692 r  digits_reg[2][3]_i_3/CO[2]
                         net (fo=8, routed)           1.309    13.001    digits_reg[2][3]_i_3_n_1
    SLICE_X54Y17         LUT6 (Prop_lut6_I2_O)        0.310    13.311 r  digits_reg[2][1]_i_1/O
                         net (fo=1, routed)           0.190    13.501    digits_reg[2][1]_i_1_n_0
    SLICE_X55Y17         LDCE                                         r  digits_reg[2][1]/D
  -------------------------------------------------------------------    -------------------

Slack:                    inf
  Source:                 sw[7]
                            (input port)
  Destination:            digits_reg[2][2]/D
  Path Group:             (none)
  Path Type:              Max at Slow Process Corner
  Data Path Delay:        13.371ns  (logic 3.450ns (25.802%)  route 9.921ns (74.198%))
  Logic Levels:           10  (CARRY4=4 IBUF=1 LUT2=1 LUT3=1 LUT5=1 LUT6=2)

    Location             Delay type                Incr(ns)  Path(ns)    Netlist Resource(s)
  -------------------------------------------------------------------    -------------------
    C15                                               0.000     0.000 r  sw[7] (IN)
                         net (fo=0)                   0.000     0.000    sw[7]
    C15                  IBUF (Prop_ibuf_I_O)         0.935     0.935 r  sw_IBUF[7]_inst/O
                         net (fo=43, routed)          5.962     6.897    sw_IBUF[7]
    SLICE_X55Y14         LUT6 (Prop_lut6_I1_O)        0.124     7.021 r  digits_reg[0][3]_i_14/O
                         net (fo=3, routed)           0.845     7.866    digits_reg[0][3]_i_14_n_0
    SLICE_X53Y14         LUT2 (Prop_lut2_I1_O)        0.124     7.990 r  digits_reg[2][3]_i_18/O
                         net (fo=1, routed)           0.000     7.990    digits_reg[2][3]_i_18_n_0
    SLICE_X53Y14         CARRY4 (Prop_carry4_S[1]_CO[3])
                                                      0.550     8.540 r  digits_reg[2][3]_i_4/CO[3]
                         net (fo=1, routed)           0.000     8.540    digits_reg[2][3]_i_4_n_0
    SLICE_X53Y15         CARRY4 (Prop_carry4_CI_O[0])
                                                      0.222     8.762 r  digits_reg[2][3]_i_2/O[0]
                         net (fo=17, routed)          0.948     9.711    digits_reg[2][3]_i_2_n_7
    SLICE_X51Y13         LUT5 (Prop_lut5_I0_O)        0.299    10.010 r  digits_reg[2][3]_i_21/O
                         net (fo=2, routed)           0.796    10.806    digits_reg[2][3]_i_21_n_0
    SLICE_X52Y13         LUT3 (Prop_lut3_I0_O)        0.124    10.930 r  digits_reg[2][3]_i_24/O
                         net (fo=1, routed)           0.000    10.930    digits_reg[2][3]_i_24_n_0
    SLICE_X52Y13         CARRY4 (Prop_carry4_S[1]_CO[3])
                                                      0.533    11.463 r  digits_reg[2][3]_i_6/CO[3]
                         net (fo=1, routed)           0.000    11.463    digits_reg[2][3]_i_6_n_0
    SLICE_X52Y14         CARRY4 (Prop_carry4_CI_CO[2])
                                                      0.229    11.692 f  digits_reg[2][3]_i_3/CO[2]
                         net (fo=8, routed)           0.990    12.682    digits_reg[2][3]_i_3_n_1
    SLICE_X54Y15         LUT6 (Prop_lut6_I2_O)        0.310    12.992 r  digits_reg[2][2]_i_1/O
                         net (fo=1, routed)           0.379    13.371    digits_reg[2][2]_i_1_n_0
    SLICE_X54Y15         LDCE                                         r  digits_reg[2][2]/D
  -------------------------------------------------------------------    -------------------

Slack:                    inf
  Source:                 sw[7]
                            (input port)
  Destination:            digits_reg[0][2]/D
  Path Group:             (none)
  Path Type:              Max at Slow Process Corner
  Data Path Delay:        11.313ns  (logic 1.555ns (13.746%)  route 9.758ns (86.254%))
  Logic Levels:           6  (IBUF=1 LUT4=2 LUT5=1 LUT6=2)

    Location             Delay type                Incr(ns)  Path(ns)    Netlist Resource(s)
  -------------------------------------------------------------------    -------------------
    C15                                               0.000     0.000 r  sw[7] (IN)
                         net (fo=0)                   0.000     0.000    sw[7]
    C15                  IBUF (Prop_ibuf_I_O)         0.935     0.935 r  sw_IBUF[7]_inst/O
                         net (fo=43, routed)          6.007     6.942    sw_IBUF[7]
    SLICE_X54Y13         LUT5 (Prop_lut5_I4_O)        0.124     7.066 r  digits_reg[0][3]_i_13/O
                         net (fo=8, routed)           1.259     8.325    digits_reg[0][3]_i_13_n_0
    SLICE_X54Y14         LUT6 (Prop_lut6_I0_O)        0.124     8.449 r  digits_reg[0][3]_i_9/O
                         net (fo=2, routed)           0.681     9.130    digits_reg[0][3]_i_9_n_0
    SLICE_X54Y14         LUT6 (Prop_lut6_I0_O)        0.124     9.254 f  digits_reg[0][3]_i_5/O
                         net (fo=7, routed)           0.859    10.113    digits_reg[0][3]_i_5_n_0
    SLICE_X54Y15         LUT4 (Prop_lut4_I0_O)        0.124    10.237 r  digits_reg[0][3]_i_4/O
                         net (fo=3, routed)           0.613    10.850    digits_reg[0][3]_i_4_n_0
    SLICE_X54Y16         LUT4 (Prop_lut4_I2_O)        0.124    10.974 r  digits_reg[0][2]_i_1/O
                         net (fo=1, routed)           0.339    11.313    digits_reg[0][2]_i_1_n_0
    SLICE_X56Y16         LDCE                                         r  digits_reg[0][2]/D
  -------------------------------------------------------------------    -------------------

Slack:                    inf
  Source:                 sw[7]
                            (input port)
  Destination:            digits_reg[0][3]/D
  Path Group:             (none)
  Path Type:              Max at Slow Process Corner
  Data Path Delay:        11.053ns  (logic 1.555ns (14.069%)  route 9.498ns (85.931%))
  Logic Levels:           6  (IBUF=1 LUT4=1 LUT5=1 LUT6=3)

    Location             Delay type                Incr(ns)  Path(ns)    Netlist Resource(s)
  -------------------------------------------------------------------    -------------------
    C15                                               0.000     0.000 r  sw[7] (IN)
                         net (fo=0)                   0.000     0.000    sw[7]
    C15                  IBUF (Prop_ibuf_I_O)         0.935     0.935 r  sw_IBUF[7]_inst/O
                         net (fo=43, routed)          6.007     6.942    sw_IBUF[7]
    SLICE_X54Y13         LUT5 (Prop_lut5_I4_O)        0.124     7.066 r  digits_reg[0][3]_i_13/O
                         net (fo=8, routed)           1.259     8.325    digits_reg[0][3]_i_13_n_0
    SLICE_X54Y14         LUT6 (Prop_lut6_I0_O)        0.124     8.449 r  digits_reg[0][3]_i_9/O
                         net (fo=2, routed)           0.681     9.130    digits_reg[0][3]_i_9_n_0
    SLICE_X54Y14         LUT6 (Prop_lut6_I0_O)        0.124     9.254 f  digits_reg[0][3]_i_5/O
                         net (fo=7, routed)           0.859    10.113    digits_reg[0][3]_i_5_n_0
    SLICE_X54Y15         LUT4 (Prop_lut4_I0_O)        0.124    10.237 r  digits_reg[0][3]_i_4/O
                         net (fo=3, routed)           0.692    10.929    digits_reg[0][3]_i_4_n_0
    SLICE_X54Y15         LUT6 (Prop_lut6_I3_O)        0.124    11.053 r  digits_reg[0][3]_i_1/O
                         net (fo=1, routed)           0.000    11.053    digits_reg[0][3]_i_1_n_0
    SLICE_X54Y15         LDCE                                         r  digits_reg[0][3]/D
  -------------------------------------------------------------------    -------------------





Min Delay Paths
--------------------------------------------------------------------------------------
Slack:                    inf
  Source:                 anode_picker_reg[22]/C
                            (rising edge-triggered cell FDRE)
  Destination:            anode_picker_reg[22]/D
  Path Group:             (none)
  Path Type:              Min at Fast Process Corner
  Data Path Delay:        0.385ns  (logic 0.252ns (65.529%)  route 0.133ns (34.471%))
  Logic Levels:           2  (CARRY4=1 FDRE=1)

    Location             Delay type                Incr(ns)  Path(ns)    Netlist Resource(s)
  -------------------------------------------------------------------    -------------------
    SLICE_X62Y24         FDRE                         0.000     0.000 r  anode_picker_reg[22]/C
    SLICE_X62Y24         FDRE (Prop_fdre_C_Q)         0.141     0.141 r  anode_picker_reg[22]/Q
                         net (fo=2, routed)           0.133     0.274    anode_picker_reg__0[22]
    SLICE_X62Y24         CARRY4 (Prop_carry4_S[2]_O[2])
                                                      0.111     0.385 r  anode_picker_reg[20]_i_1/O[2]
                         net (fo=1, routed)           0.000     0.385    anode_picker_reg[20]_i_1_n_5
    SLICE_X62Y24         FDRE                                         r  anode_picker_reg[22]/D
  -------------------------------------------------------------------    -------------------

Slack:                    inf
  Source:                 anode_picker_reg[30]/C
                            (rising edge-triggered cell FDRE)
  Destination:            anode_picker_reg[30]/D
  Path Group:             (none)
  Path Type:              Min at Fast Process Corner
  Data Path Delay:        0.385ns  (logic 0.252ns (65.529%)  route 0.133ns (34.471%))
  Logic Levels:           2  (CARRY4=1 FDRE=1)

    Location             Delay type                Incr(ns)  Path(ns)    Netlist Resource(s)
  -------------------------------------------------------------------    -------------------
    SLICE_X62Y26         FDRE                         0.000     0.000 r  anode_picker_reg[30]/C
    SLICE_X62Y26         FDRE (Prop_fdre_C_Q)         0.141     0.141 r  anode_picker_reg[30]/Q
                         net (fo=2, routed)           0.133     0.274    anode_picker_reg__0[30]
    SLICE_X62Y26         CARRY4 (Prop_carry4_S[2]_O[2])
                                                      0.111     0.385 r  anode_picker_reg[28]_i_1/O[2]
                         net (fo=1, routed)           0.000     0.385    anode_picker_reg[28]_i_1_n_5
    SLICE_X62Y26         FDRE                                         r  anode_picker_reg[30]/D
  -------------------------------------------------------------------    -------------------

Slack:                    inf
  Source:                 anode_picker_reg[10]/C
                            (rising edge-triggered cell FDRE)
  Destination:            anode_picker_reg[10]/D
  Path Group:             (none)
  Path Type:              Min at Fast Process Corner
  Data Path Delay:        0.386ns  (logic 0.252ns (65.354%)  route 0.134ns (34.646%))
  Logic Levels:           2  (CARRY4=1 FDRE=1)

    Location             Delay type                Incr(ns)  Path(ns)    Netlist Resource(s)
  -------------------------------------------------------------------    -------------------
    SLICE_X62Y21         FDRE                         0.000     0.000 r  anode_picker_reg[10]/C
    SLICE_X62Y21         FDRE (Prop_fdre_C_Q)         0.141     0.141 r  anode_picker_reg[10]/Q
                         net (fo=2, routed)           0.134     0.275    anode_picker_reg__0[10]
    SLICE_X62Y21         CARRY4 (Prop_carry4_S[2]_O[2])
                                                      0.111     0.386 r  anode_picker_reg[8]_i_1/O[2]
                         net (fo=1, routed)           0.000     0.386    anode_picker_reg[8]_i_1_n_5
    SLICE_X62Y21         FDRE                                         r  anode_picker_reg[10]/D
  -------------------------------------------------------------------    -------------------

Slack:                    inf
  Source:                 anode_picker_reg[14]/C
                            (rising edge-triggered cell FDRE)
  Destination:            anode_picker_reg[14]/D
  Path Group:             (none)
  Path Type:              Min at Fast Process Corner
  Data Path Delay:        0.386ns  (logic 0.252ns (65.354%)  route 0.134ns (34.646%))
  Logic Levels:           2  (CARRY4=1 FDRE=1)

    Location             Delay type                Incr(ns)  Path(ns)    Netlist Resource(s)
  -------------------------------------------------------------------    -------------------
    SLICE_X62Y22         FDRE                         0.000     0.000 r  anode_picker_reg[14]/C
    SLICE_X62Y22         FDRE (Prop_fdre_C_Q)         0.141     0.141 r  anode_picker_reg[14]/Q
                         net (fo=2, routed)           0.134     0.275    anode_picker_reg__0[14]
    SLICE_X62Y22         CARRY4 (Prop_carry4_S[2]_O[2])
                                                      0.111     0.386 r  anode_picker_reg[12]_i_1/O[2]
                         net (fo=1, routed)           0.000     0.386    anode_picker_reg[12]_i_1_n_5
    SLICE_X62Y22         FDRE                                         r  anode_picker_reg[14]/D
  -------------------------------------------------------------------    -------------------

Slack:                    inf
  Source:                 anode_picker_reg[18]/C
                            (rising edge-triggered cell FDRE)
  Destination:            anode_picker_reg[18]/D
  Path Group:             (none)
  Path Type:              Min at Fast Process Corner
  Data Path Delay:        0.386ns  (logic 0.252ns (65.354%)  route 0.134ns (34.646%))
  Logic Levels:           2  (CARRY4=1 FDRE=1)

    Location             Delay type                Incr(ns)  Path(ns)    Netlist Resource(s)
  -------------------------------------------------------------------    -------------------
    SLICE_X62Y23         FDRE                         0.000     0.000 r  anode_picker_reg[18]/C
    SLICE_X62Y23         FDRE (Prop_fdre_C_Q)         0.141     0.141 r  anode_picker_reg[18]/Q
                         net (fo=2, routed)           0.134     0.275    anode_picker_reg__0[18]
    SLICE_X62Y23         CARRY4 (Prop_carry4_S[2]_O[2])
                                                      0.111     0.386 r  anode_picker_reg[16]_i_1/O[2]
                         net (fo=1, routed)           0.000     0.386    anode_picker_reg[16]_i_1_n_5
    SLICE_X62Y23         FDRE                                         r  anode_picker_reg[18]/D
  -------------------------------------------------------------------    -------------------

Slack:                    inf
  Source:                 anode_picker_reg[26]/C
                            (rising edge-triggered cell FDRE)
  Destination:            anode_picker_reg[26]/D
  Path Group:             (none)
  Path Type:              Min at Fast Process Corner
  Data Path Delay:        0.386ns  (logic 0.252ns (65.354%)  route 0.134ns (34.646%))
  Logic Levels:           2  (CARRY4=1 FDRE=1)

    Location             Delay type                Incr(ns)  Path(ns)    Netlist Resource(s)
  -------------------------------------------------------------------    -------------------
    SLICE_X62Y25         FDRE                         0.000     0.000 r  anode_picker_reg[26]/C
    SLICE_X62Y25         FDRE (Prop_fdre_C_Q)         0.141     0.141 r  anode_picker_reg[26]/Q
                         net (fo=2, routed)           0.134     0.275    anode_picker_reg__0[26]
    SLICE_X62Y25         CARRY4 (Prop_carry4_S[2]_O[2])
                                                      0.111     0.386 r  anode_picker_reg[24]_i_1/O[2]
                         net (fo=1, routed)           0.000     0.386    anode_picker_reg[24]_i_1_n_5
    SLICE_X62Y25         FDRE                                         r  anode_picker_reg[26]/D
  -------------------------------------------------------------------    -------------------

Slack:                    inf
  Source:                 anode_picker_reg[2]/C
                            (rising edge-triggered cell FDRE)
  Destination:            anode_picker_reg[2]/D
  Path Group:             (none)
  Path Type:              Min at Fast Process Corner
  Data Path Delay:        0.386ns  (logic 0.252ns (65.354%)  route 0.134ns (34.646%))
  Logic Levels:           2  (CARRY4=1 FDRE=1)

    Location             Delay type                Incr(ns)  Path(ns)    Netlist Resource(s)
  -------------------------------------------------------------------    -------------------
    SLICE_X62Y19         FDRE                         0.000     0.000 r  anode_picker_reg[2]/C
    SLICE_X62Y19         FDRE (Prop_fdre_C_Q)         0.141     0.141 r  anode_picker_reg[2]/Q
                         net (fo=2, routed)           0.134     0.275    anode_picker_reg__0[2]
    SLICE_X62Y19         CARRY4 (Prop_carry4_S[2]_O[2])
                                                      0.111     0.386 r  anode_picker_reg[0]_i_1/O[2]
                         net (fo=1, routed)           0.000     0.386    anode_picker_reg[0]_i_1_n_5
    SLICE_X62Y19         FDRE                                         r  anode_picker_reg[2]/D
  -------------------------------------------------------------------    -------------------

Slack:                    inf
  Source:                 anode_picker_reg[6]/C
                            (rising edge-triggered cell FDRE)
  Destination:            anode_picker_reg[6]/D
  Path Group:             (none)
  Path Type:              Min at Fast Process Corner
  Data Path Delay:        0.386ns  (logic 0.252ns (65.354%)  route 0.134ns (34.646%))
  Logic Levels:           2  (CARRY4=1 FDRE=1)

    Location             Delay type                Incr(ns)  Path(ns)    Netlist Resource(s)
  -------------------------------------------------------------------    -------------------
    SLICE_X62Y20         FDRE                         0.000     0.000 r  anode_picker_reg[6]/C
    SLICE_X62Y20         FDRE (Prop_fdre_C_Q)         0.141     0.141 r  anode_picker_reg[6]/Q
                         net (fo=2, routed)           0.134     0.275    anode_picker_reg__0[6]
    SLICE_X62Y20         CARRY4 (Prop_carry4_S[2]_O[2])
                                                      0.111     0.386 r  anode_picker_reg[4]_i_1/O[2]
                         net (fo=1, routed)           0.000     0.386    anode_picker_reg[4]_i_1_n_5
    SLICE_X62Y20         FDRE                                         r  anode_picker_reg[6]/D
  -------------------------------------------------------------------    -------------------

Slack:                    inf
  Source:                 anode_picker_reg[22]/C
                            (rising edge-triggered cell FDRE)
  Destination:            anode_picker_reg[23]/D
  Path Group:             (none)
  Path Type:              Min at Fast Process Corner
  Data Path Delay:        0.418ns  (logic 0.285ns (68.253%)  route 0.133ns (31.747%))
  Logic Levels:           2  (CARRY4=1 FDRE=1)

    Location             Delay type                Incr(ns)  Path(ns)    Netlist Resource(s)
  -------------------------------------------------------------------    -------------------
    SLICE_X62Y24         FDRE                         0.000     0.000 r  anode_picker_reg[22]/C
    SLICE_X62Y24         FDRE (Prop_fdre_C_Q)         0.141     0.141 r  anode_picker_reg[22]/Q
                         net (fo=2, routed)           0.133     0.274    anode_picker_reg__0[22]
    SLICE_X62Y24         CARRY4 (Prop_carry4_S[2]_O[3])
                                                      0.144     0.418 r  anode_picker_reg[20]_i_1/O[3]
                         net (fo=1, routed)           0.000     0.418    anode_picker_reg[20]_i_1_n_4
    SLICE_X62Y24         FDRE                                         r  anode_picker_reg[23]/D
  -------------------------------------------------------------------    -------------------

Slack:                    inf
  Source:                 anode_picker_reg[30]/C
                            (rising edge-triggered cell FDRE)
  Destination:            anode_picker_reg[31]/D
  Path Group:             (none)
  Path Type:              Min at Fast Process Corner
  Data Path Delay:        0.418ns  (logic 0.285ns (68.253%)  route 0.133ns (31.747%))
  Logic Levels:           2  (CARRY4=1 FDRE=1)

    Location             Delay type                Incr(ns)  Path(ns)    Netlist Resource(s)
  -------------------------------------------------------------------    -------------------
    SLICE_X62Y26         FDRE                         0.000     0.000 r  anode_picker_reg[30]/C
    SLICE_X62Y26         FDRE (Prop_fdre_C_Q)         0.141     0.141 r  anode_picker_reg[30]/Q
                         net (fo=2, routed)           0.133     0.274    anode_picker_reg__0[30]
    SLICE_X62Y26         CARRY4 (Prop_carry4_S[2]_O[3])
                                                      0.144     0.418 r  anode_picker_reg[28]_i_1/O[3]
                         net (fo=1, routed)           0.000     0.418    anode_picker_reg[28]_i_1_n_4
    SLICE_X62Y26         FDRE                                         r  anode_picker_reg[31]/D
  -------------------------------------------------------------------    -------------------





