Copyright 1986-2022 Xilinx, Inc. All Rights Reserved. Copyright 2022-2023 Advanced Micro Devices, Inc. All Rights Reserved.
---------------------------------------------------------------------------------------------------------------------------------------------
| Tool Version : Vivado v.2023.1 (win64) Build 3865809 Sun May  7 15:05:29 MDT 2023
| Date         : Fri May 26 21:58:11 2023
| Host         : hyurtle running 64-bit major release  (build 9200)
| Command      : report_control_sets -verbose -file debounce_box_calculator_control_sets_placed.rpt
| Design       : debounce_box_calculator
| Device       : xc7a35t
---------------------------------------------------------------------------------------------------------------------------------------------

Control Set Information

Table of Contents
-----------------
1. Summary
2. Histogram
3. Flip-Flop Distribution
4. Detailed Control Set Information

1. Summary
----------

+----------------------------------------------------------+-------+
|                          Status                          | Count |
+----------------------------------------------------------+-------+
| Total control sets                                       |     9 |
|    Minimum number of control sets                        |     9 |
|    Addition due to synthesis replication                 |     0 |
|    Addition due to physical synthesis replication        |     0 |
| Unused register locations in slices containing registers |    32 |
+----------------------------------------------------------+-------+
* Control sets can be merged at opt_design using control_set_merge or merge_equivalent_drivers
** Run report_qor_suggestions for automated merging and remapping suggestions


2. Histogram
------------

+--------------------+-------+
|       Fanout       | Count |
+--------------------+-------+
| Total control sets |     9 |
| >= 0 to < 4        |     2 |
| >= 4 to < 6        |     4 |
| >= 6 to < 8        |     0 |
| >= 8 to < 10       |     1 |
| >= 10 to < 12      |     0 |
| >= 12 to < 14      |     0 |
| >= 14 to < 16      |     0 |
| >= 16              |     2 |
+--------------------+-------+
* Control sets can be remapped at either synth_design or opt_design


3. Flip-Flop Distribution
-------------------------

+--------------+-----------------------+------------------------+-----------------+--------------+
| Clock Enable | Synchronous Set/Reset | Asynchronous Set/Reset | Total Registers | Total Slices |
+--------------+-----------------------+------------------------+-----------------+--------------+
| No           | No                    | No                     |              25 |            8 |
| No           | No                    | Yes                    |               0 |            0 |
| No           | Yes                   | No                     |              18 |            5 |
| Yes          | No                    | No                     |               9 |            3 |
| Yes          | No                    | Yes                    |               0 |            0 |
| Yes          | Yes                   | No                     |              20 |           10 |
+--------------+-----------------------+------------------------+-----------------+--------------+


4. Detailed Control Set Information
-----------------------------------

+------------------------+------------------------------------------+-----------------------------------+------------------+----------------+--------------+
|      Clock Signal      |               Enable Signal              |          Set/Reset Signal         | Slice Load Count | Bel Load Count | Bels / Slice |
+------------------------+------------------------------------------+-----------------------------------+------------------+----------------+--------------+
|  clk_IBUF_BUFG         | butn/clock_enable_generator/clock_enable |                                   |                1 |              1 |         1.00 |
|  clk_IBUF_BUFG         |                                          |                                   |                1 |              2 |         2.00 |
|  button_clock_sig_BUFG | calc/instruction/reg10                   | calc/reg_file/reg1[7]_i_1_n_0     |                2 |              5 |         2.50 |
|  button_clock_sig_BUFG | calc/instruction/reg00                   | calc/reg_file/reg0[7]_i_1_n_0     |                3 |              5 |         1.67 |
|  button_clock_sig_BUFG | calc/instruction/reg20                   | calc/reg_file/reg2[7]_i_1_n_0     |                3 |              5 |         1.67 |
|  button_clock_sig_BUFG | calc/instruction/reg30                   | calc/reg_file/reg3[7]_i_1_n_0     |                2 |              5 |         2.50 |
|  button_clock_sig_BUFG | calc/instruction/saved_state0            |                                   |                2 |              8 |         4.00 |
|  clk_IBUF_BUFG         |                                          | butn/clock_enable_generator/clear |                5 |             18 |         3.60 |
|  button_clock_sig_BUFG |                                          |                                   |                7 |             23 |         3.29 |
+------------------------+------------------------------------------+-----------------------------------+------------------+----------------+--------------+


