#-----------------------------------------------------------
# Vivado v2023.1 (64-bit)
# SW Build 3865809 on Sun May  7 15:05:29 MDT 2023
# IP Build 3864474 on Sun May  7 20:36:21 MDT 2023
# SharedData Build 3865790 on Sun May 07 13:33:03 MDT 2023
# Start of session at: Fri May 26 19:18:04 2023
# Process ID: 37268
# Current directory: C:/Users/duckp/OneDrive/Desktop/Coding_Projects/Vivado/calc_control_unit_test/calc_control_unit_test.runs/synth_1
# Command line: vivado.exe -log control_unit.vds -product Vivado -mode batch -messageDb vivado.pb -notrace -source control_unit.tcl
# Log file: C:/Users/duckp/OneDrive/Desktop/Coding_Projects/Vivado/calc_control_unit_test/calc_control_unit_test.runs/synth_1/control_unit.vds
# Journal file: C:/Users/duckp/OneDrive/Desktop/Coding_Projects/Vivado/calc_control_unit_test/calc_control_unit_test.runs/synth_1\vivado.jou
# Running On: hyurtle, OS: Windows, CPU Frequency: 1996 MHz, CPU Physical cores: 16, Host memory: 12146 MB
#-----------------------------------------------------------
source control_unit.tcl -notrace
