
*** Running vivado
    with args -log single_cycle_calculator.vdi -applog -m64 -product Vivado -messageDb vivado.pb -mode batch -source single_cycle_calculator.tcl -notrace


ECHO is off.
ECHO is off.

****** Vivado v2023.1 (64-bit)
  **** SW Build 3865809 on Sun May  7 15:05:29 MDT 2023
  **** IP Build 3864474 on Sun May  7 20:36:21 MDT 2023
  **** SharedData Build 3865790 on Sun May 07 13:33:03 MDT 2023
    ** Copyright 1986-2022 Xilinx, Inc. All Rights Reserved.
    ** Copyright 2022-2023 Advanced Micro Devices, Inc. All Rights Reserved.

source single_cycle_calculator.tcl -notrace
create_project: Time (s): cpu = 00:00:05 ; elapsed = 00:00:06 . Memory (MB): peak = 437.539 ; gain = 164.574
Command: link_design -top single_cycle_calculator -part xc7a35tcpg236-1
Design is defaulting to srcset: sources_1
Design is defaulting to constrset: constrs_1
INFO: [Device 21-403] Loading part xc7a35tcpg236-1
Netlist sorting complete. Time (s): cpu = 00:00:00 ; elapsed = 00:00:00.002 . Memory (MB): peak = 844.117 ; gain = 0.000
INFO: [Netlist 29-17] Analyzing 5 Unisim elements for replacement
INFO: [Netlist 29-28] Unisim Transformation completed in 0 CPU seconds
INFO: [Project 1-479] Netlist was created with Vivado 2023.1
INFO: [Project 1-570] Preparing netlist for logic optimization
Parsing XDC File [C:/Users/duckp/OneDrive/Desktop/Coding_Projects/Vivado/calculator/calculator.srcs/constrs_1/new/calc.xdc]
CRITICAL WARNING: [Designutils 20-970] Unrecognized or unsupported command 'set_property PACKAGE_PIN R2 [get_ports {clockC]
set_property IOSTANDARD LVCMOS33 [get_ports {clockC}]

#set_property PACKAGE_PIN U18 [get_ports clockC]
#set_property IOSTANDARD LVCMOS33 [get_ports clo ... (truncated) ' found in constraint file. [C:/Users/duckp/OneDrive/Desktop/Coding_Projects/Vivado/calculator/calculator.srcs/constrs_1/new/calc.xdc:3]
Finished Parsing XDC File [C:/Users/duckp/OneDrive/Desktop/Coding_Projects/Vivado/calculator/calculator.srcs/constrs_1/new/calc.xdc]
INFO: [Opt 31-138] Pushed 0 inverter(s) to 0 load pin(s).
Netlist sorting complete. Time (s): cpu = 00:00:00 ; elapsed = 00:00:00 . Memory (MB): peak = 963.754 ; gain = 0.000
INFO: [Project 1-111] Unisim Transformation Summary:
  A total of 1 instances were transformed.
  LDCP => LDCP (GND, LDCE, LUT3(x2), VCC): 1 instance 

7 Infos, 0 Warnings, 1 Critical Warnings and 0 Errors encountered.
link_design completed successfully
link_design: Time (s): cpu = 00:00:05 ; elapsed = 00:00:05 . Memory (MB): peak = 963.754 ; gain = 521.395
Command: opt_design
Attempting to get a license for feature 'Implementation' and/or device 'xc7a35t'
INFO: [Common 17-349] Got license for feature 'Implementation' and/or device 'xc7a35t'
Running DRC as a precondition to command opt_design

Starting DRC Task
INFO: [DRC 23-27] Running DRC with 2 threads
INFO: [Project 1-461] DRC finished with 0 Errors
INFO: [Project 1-462] Please refer to the DRC report (report_drc) for more information.

Time (s): cpu = 00:00:01 ; elapsed = 00:00:00.774 . Memory (MB): peak = 989.695 ; gain = 25.941

Starting Cache Timing Information Task
INFO: [Timing 38-35] Done setting XDC timing constraints.
Ending Cache Timing Information Task | Checksum: ba591bea

Time (s): cpu = 00:00:06 ; elapsed = 00:00:06 . Memory (MB): peak = 1538.609 ; gain = 548.914

Starting Logic Optimization Task

Phase 1 Retarget
INFO: [Opt 31-1566] Pulled 8 inverters resulting in an inversion of 28 pins
INFO: [Opt 31-138] Pushed 0 inverter(s) to 0 load pin(s).
INFO: [Opt 31-49] Retargeted 0 cell(s).
Phase 1 Retarget | Checksum: 12c8faec0

Time (s): cpu = 00:00:00 ; elapsed = 00:00:00.069 . Memory (MB): peak = 1873.867 ; gain = 0.000
INFO: [Opt 31-389] Phase Retarget created 0 cells and removed 8 cells

Phase 2 Constant propagation
INFO: [Opt 31-138] Pushed 0 inverter(s) to 0 load pin(s).
Phase 2 Constant propagation | Checksum: 12c8faec0

Time (s): cpu = 00:00:00 ; elapsed = 00:00:00.072 . Memory (MB): peak = 1873.867 ; gain = 0.000
INFO: [Opt 31-389] Phase Constant propagation created 0 cells and removed 0 cells

Phase 3 Sweep
Phase 3 Sweep | Checksum: 10e74bdc3

Time (s): cpu = 00:00:00 ; elapsed = 00:00:00.078 . Memory (MB): peak = 1873.867 ; gain = 0.000
INFO: [Opt 31-389] Phase Sweep created 0 cells and removed 0 cells

Phase 4 BUFG optimization
Phase 4 BUFG optimization | Checksum: 10e74bdc3

Time (s): cpu = 00:00:00 ; elapsed = 00:00:00.120 . Memory (MB): peak = 1873.867 ; gain = 0.000
INFO: [Opt 31-662] Phase BUFG optimization created 0 cells of which 0 are BUFGs and removed 0 cells.

Phase 5 Shift Register Optimization
INFO: [Opt 31-1064] SRL Remap converted 0 SRLs to 0 registers and converted 0 registers of register chains to 0 SRLs
Phase 5 Shift Register Optimization | Checksum: 15f17ee67

Time (s): cpu = 00:00:00 ; elapsed = 00:00:00.131 . Memory (MB): peak = 1873.867 ; gain = 0.000
INFO: [Opt 31-389] Phase Shift Register Optimization created 0 cells and removed 0 cells

Phase 6 Post Processing Netlist
Phase 6 Post Processing Netlist | Checksum: 15f17ee67

Time (s): cpu = 00:00:00 ; elapsed = 00:00:00.133 . Memory (MB): peak = 1873.867 ; gain = 0.000
INFO: [Opt 31-389] Phase Post Processing Netlist created 0 cells and removed 0 cells
Opt_design Change Summary
=========================


-------------------------------------------------------------------------------------------------------------------------
|  Phase                        |  #Cells created  |  #Cells Removed  |  #Constrained objects preventing optimizations  |
-------------------------------------------------------------------------------------------------------------------------
|  Retarget                     |               0  |               8  |                                              0  |
|  Constant propagation         |               0  |               0  |                                              0  |
|  Sweep                        |               0  |               0  |                                              0  |
|  BUFG optimization            |               0  |               0  |                                              0  |
|  Shift Register Optimization  |               0  |               0  |                                              0  |
|  Post Processing Netlist      |               0  |               0  |                                              0  |
-------------------------------------------------------------------------------------------------------------------------



Starting Connectivity Check Task

Time (s): cpu = 00:00:00 ; elapsed = 00:00:00.001 . Memory (MB): peak = 1873.867 ; gain = 0.000
Ending Logic Optimization Task | Checksum: 15f17ee67

Time (s): cpu = 00:00:00 ; elapsed = 00:00:00.136 . Memory (MB): peak = 1873.867 ; gain = 0.000

Starting Power Optimization Task
INFO: [Pwropt 34-132] Skipping clock gating for clocks with a period < 2.00 ns.
Ending Power Optimization Task | Checksum: 15f17ee67

Time (s): cpu = 00:00:00 ; elapsed = 00:00:00.012 . Memory (MB): peak = 1873.867 ; gain = 0.000

Starting Final Cleanup Task
Ending Final Cleanup Task | Checksum: 15f17ee67

Time (s): cpu = 00:00:00 ; elapsed = 00:00:00 . Memory (MB): peak = 1873.867 ; gain = 0.000

Starting Netlist Obfuscation Task
Netlist sorting complete. Time (s): cpu = 00:00:00 ; elapsed = 00:00:00 . Memory (MB): peak = 1873.867 ; gain = 0.000
Ending Netlist Obfuscation Task | Checksum: 15f17ee67

Time (s): cpu = 00:00:00 ; elapsed = 00:00:00 . Memory (MB): peak = 1873.867 ; gain = 0.000
INFO: [Common 17-83] Releasing license: Implementation
25 Infos, 0 Warnings, 1 Critical Warnings and 0 Errors encountered.
opt_design completed successfully
opt_design: Time (s): cpu = 00:00:09 ; elapsed = 00:00:10 . Memory (MB): peak = 1873.867 ; gain = 910.113
INFO: [runtcl-4] Executing : report_drc -file single_cycle_calculator_drc_opted.rpt -pb single_cycle_calculator_drc_opted.pb -rpx single_cycle_calculator_drc_opted.rpx
Command: report_drc -file single_cycle_calculator_drc_opted.rpt -pb single_cycle_calculator_drc_opted.pb -rpx single_cycle_calculator_drc_opted.rpx
INFO: [IP_Flow 19-234] Refreshing IP repositories
INFO: [IP_Flow 19-1704] No user IP repositories specified
INFO: [IP_Flow 19-2313] Loaded Vivado IP repository 'C:/Xilinx/Vivado/2023.1/data/ip'.
INFO: [DRC 23-27] Running DRC with 2 threads
INFO: [Vivado_Tcl 2-168] The results of DRC are in file C:/Users/duckp/OneDrive/Desktop/Coding_Projects/Vivado/calculator/calculator.runs/impl_1/single_cycle_calculator_drc_opted.rpt.
report_drc completed successfully
INFO: [Timing 38-480] Writing timing data to binary archive.
INFO: [Common 17-1381] The checkpoint 'C:/Users/duckp/OneDrive/Desktop/Coding_Projects/Vivado/calculator/calculator.runs/impl_1/single_cycle_calculator_opt.dcp' has been generated.
Command: place_design
Attempting to get a license for feature 'Implementation' and/or device 'xc7a35t'
INFO: [Common 17-349] Got license for feature 'Implementation' and/or device 'xc7a35t'
INFO: [DRC 23-27] Running DRC with 2 threads
INFO: [Vivado_Tcl 4-198] DRC finished with 0 Errors
INFO: [Vivado_Tcl 4-199] Please refer to the DRC report (report_drc) for more information.
Running DRC as a precondition to command place_design
INFO: [DRC 23-27] Running DRC with 2 threads
INFO: [Vivado_Tcl 4-198] DRC finished with 0 Errors
INFO: [Vivado_Tcl 4-199] Please refer to the DRC report (report_drc) for more information.

Starting Placer Task
INFO: [Place 30-611] Multithreading enabled for place_design using a maximum of 2 CPUs

Phase 1 Placer Initialization

Phase 1.1 Placer Initialization Netlist Sorting
Netlist sorting complete. Time (s): cpu = 00:00:00 ; elapsed = 00:00:00.001 . Memory (MB): peak = 1873.867 ; gain = 0.000
Phase 1.1 Placer Initialization Netlist Sorting | Checksum: d6136cb8

Time (s): cpu = 00:00:00 ; elapsed = 00:00:00.012 . Memory (MB): peak = 1873.867 ; gain = 0.000
Netlist sorting complete. Time (s): cpu = 00:00:00 ; elapsed = 00:00:00 . Memory (MB): peak = 1873.867 ; gain = 0.000

Phase 1.2 IO Placement/ Clock Placement/ Build Placer Device
INFO: [Timing 38-35] Done setting XDC timing constraints.
Phase 1.2 IO Placement/ Clock Placement/ Build Placer Device | Checksum: f4f3a6cd

Time (s): cpu = 00:00:00 ; elapsed = 00:00:00.213 . Memory (MB): peak = 1873.867 ; gain = 0.000

Phase 1.3 Build Placer Netlist Model
Phase 1.3 Build Placer Netlist Model | Checksum: 18eb9bf07

Time (s): cpu = 00:00:00 ; elapsed = 00:00:00.274 . Memory (MB): peak = 1873.867 ; gain = 0.000

Phase 1.4 Constrain Clocks/Macros
Phase 1.4 Constrain Clocks/Macros | Checksum: 18eb9bf07

Time (s): cpu = 00:00:00 ; elapsed = 00:00:00.277 . Memory (MB): peak = 1873.867 ; gain = 0.000
Phase 1 Placer Initialization | Checksum: 18eb9bf07

Time (s): cpu = 00:00:00 ; elapsed = 00:00:00.282 . Memory (MB): peak = 1873.867 ; gain = 0.000

Phase 2 Global Placement

Phase 2.1 Floorplanning
Phase 2.1 Floorplanning | Checksum: 18eb9bf07

Time (s): cpu = 00:00:00 ; elapsed = 00:00:00.291 . Memory (MB): peak = 1873.867 ; gain = 0.000

Phase 2.2 Update Timing before SLR Path Opt
Phase 2.2 Update Timing before SLR Path Opt | Checksum: 18eb9bf07

Time (s): cpu = 00:00:00 ; elapsed = 00:00:00.291 . Memory (MB): peak = 1873.867 ; gain = 0.000

Phase 2.3 Post-Processing in Floorplanning
Phase 2.3 Post-Processing in Floorplanning | Checksum: 18eb9bf07

Time (s): cpu = 00:00:00 ; elapsed = 00:00:00.292 . Memory (MB): peak = 1873.867 ; gain = 0.000

Phase 2.4 Global Placement Core
WARNING: [Place 46-29] Timing had been disabled during Placer and, therefore, physical synthesis in Placer will be skipped.
Phase 2.4 Global Placement Core | Checksum: 1d60395cb

Time (s): cpu = 00:00:01 ; elapsed = 00:00:02 . Memory (MB): peak = 1873.867 ; gain = 0.000
Phase 2 Global Placement | Checksum: 1d60395cb

Time (s): cpu = 00:00:01 ; elapsed = 00:00:02 . Memory (MB): peak = 1873.867 ; gain = 0.000

Phase 3 Detail Placement

Phase 3.1 Commit Multi Column Macros
Phase 3.1 Commit Multi Column Macros | Checksum: 1d60395cb

Time (s): cpu = 00:00:01 ; elapsed = 00:00:02 . Memory (MB): peak = 1873.867 ; gain = 0.000

Phase 3.2 Commit Most Macros & LUTRAMs
Phase 3.2 Commit Most Macros & LUTRAMs | Checksum: 1e00dcf35

Time (s): cpu = 00:00:01 ; elapsed = 00:00:02 . Memory (MB): peak = 1873.867 ; gain = 0.000

Phase 3.3 Area Swap Optimization
Phase 3.3 Area Swap Optimization | Checksum: 187de86af

Time (s): cpu = 00:00:01 ; elapsed = 00:00:02 . Memory (MB): peak = 1873.867 ; gain = 0.000

Phase 3.4 Pipeline Register Optimization
Phase 3.4 Pipeline Register Optimization | Checksum: 187de86af

Time (s): cpu = 00:00:01 ; elapsed = 00:00:02 . Memory (MB): peak = 1873.867 ; gain = 0.000

Phase 3.5 Small Shape Detail Placement
Phase 3.5 Small Shape Detail Placement | Checksum: 281ccfacf

Time (s): cpu = 00:00:01 ; elapsed = 00:00:02 . Memory (MB): peak = 1873.867 ; gain = 0.000

Phase 3.6 Re-assign LUT pins
Phase 3.6 Re-assign LUT pins | Checksum: 281ccfacf

Time (s): cpu = 00:00:01 ; elapsed = 00:00:02 . Memory (MB): peak = 1873.867 ; gain = 0.000

Phase 3.7 Pipeline Register Optimization
Phase 3.7 Pipeline Register Optimization | Checksum: 281ccfacf

Time (s): cpu = 00:00:01 ; elapsed = 00:00:02 . Memory (MB): peak = 1873.867 ; gain = 0.000
Phase 3 Detail Placement | Checksum: 281ccfacf

Time (s): cpu = 00:00:01 ; elapsed = 00:00:02 . Memory (MB): peak = 1873.867 ; gain = 0.000

Phase 4 Post Placement Optimization and Clean-Up

Phase 4.1 Post Commit Optimization
Phase 4.1 Post Commit Optimization | Checksum: 281ccfacf

Time (s): cpu = 00:00:01 ; elapsed = 00:00:02 . Memory (MB): peak = 1873.867 ; gain = 0.000

Phase 4.2 Post Placement Cleanup
Phase 4.2 Post Placement Cleanup | Checksum: 281ccfacf

Time (s): cpu = 00:00:01 ; elapsed = 00:00:02 . Memory (MB): peak = 1873.867 ; gain = 0.000

Phase 4.3 Placer Reporting

Phase 4.3.1 Print Estimated Congestion
INFO: [Place 30-612] Post-Placement Estimated Congestion 
 ____________________________________________________
|           | Global Congestion | Short Congestion  |
| Direction | Region Size       | Region Size       |
|___________|___________________|___________________|
|      North|                1x1|                1x1|
|___________|___________________|___________________|
|      South|                1x1|                1x1|
|___________|___________________|___________________|
|       East|                1x1|                1x1|
|___________|___________________|___________________|
|       West|                1x1|                1x1|
|___________|___________________|___________________|

Phase 4.3.1 Print Estimated Congestion | Checksum: 281ccfacf

Time (s): cpu = 00:00:01 ; elapsed = 00:00:02 . Memory (MB): peak = 1873.867 ; gain = 0.000
Phase 4.3 Placer Reporting | Checksum: 281ccfacf

Time (s): cpu = 00:00:01 ; elapsed = 00:00:02 . Memory (MB): peak = 1873.867 ; gain = 0.000

Phase 4.4 Final Placement Cleanup
Netlist sorting complete. Time (s): cpu = 00:00:00 ; elapsed = 00:00:00 . Memory (MB): peak = 1873.867 ; gain = 0.000

Time (s): cpu = 00:00:01 ; elapsed = 00:00:02 . Memory (MB): peak = 1873.867 ; gain = 0.000
Phase 4 Post Placement Optimization and Clean-Up | Checksum: 281ccfacf

Time (s): cpu = 00:00:01 ; elapsed = 00:00:02 . Memory (MB): peak = 1873.867 ; gain = 0.000
Ending Placer Task | Checksum: 19e84d495

Time (s): cpu = 00:00:01 ; elapsed = 00:00:02 . Memory (MB): peak = 1873.867 ; gain = 0.000
INFO: [Common 17-83] Releasing license: Implementation
44 Infos, 1 Warnings, 1 Critical Warnings and 0 Errors encountered.
place_design completed successfully
INFO: [runtcl-4] Executing : report_io -file single_cycle_calculator_io_placed.rpt
report_io: Time (s): cpu = 00:00:00 ; elapsed = 00:00:00.044 . Memory (MB): peak = 1873.867 ; gain = 0.000
INFO: [runtcl-4] Executing : report_utilization -file single_cycle_calculator_utilization_placed.rpt -pb single_cycle_calculator_utilization_placed.pb
INFO: [runtcl-4] Executing : report_control_sets -verbose -file single_cycle_calculator_control_sets_placed.rpt
report_control_sets: Time (s): cpu = 00:00:00 ; elapsed = 00:00:00.003 . Memory (MB): peak = 1873.867 ; gain = 0.000
INFO: [Timing 38-480] Writing timing data to binary archive.
Writing XDEF routing.
Writing XDEF routing logical nets.
Writing XDEF routing special nets.
Write XDEF Complete: Time (s): cpu = 00:00:00 ; elapsed = 00:00:00.083 . Memory (MB): peak = 1873.867 ; gain = 0.000
INFO: [Common 17-1381] The checkpoint 'C:/Users/duckp/OneDrive/Desktop/Coding_Projects/Vivado/calculator/calculator.runs/impl_1/single_cycle_calculator_placed.dcp' has been generated.
Command: phys_opt_design
Attempting to get a license for feature 'Implementation' and/or device 'xc7a35t'
INFO: [Common 17-349] Got license for feature 'Implementation' and/or device 'xc7a35t'

Starting Initial Update Timing Task

Time (s): cpu = 00:00:00 ; elapsed = 00:00:00.026 . Memory (MB): peak = 1873.867 ; gain = 0.000
INFO: [Vivado_Tcl 4-235] No timing constraint found. The netlist was not modified.
INFO: [Common 17-83] Releasing license: Implementation
52 Infos, 1 Warnings, 1 Critical Warnings and 0 Errors encountered.
phys_opt_design completed successfully
INFO: [Timing 38-480] Writing timing data to binary archive.
Writing XDEF routing.
Writing XDEF routing logical nets.
Writing XDEF routing special nets.
Write XDEF Complete: Time (s): cpu = 00:00:00 ; elapsed = 00:00:00.051 . Memory (MB): peak = 1888.812 ; gain = 14.941
INFO: [Common 17-1381] The checkpoint 'C:/Users/duckp/OneDrive/Desktop/Coding_Projects/Vivado/calculator/calculator.runs/impl_1/single_cycle_calculator_physopt.dcp' has been generated.
Command: route_design
Attempting to get a license for feature 'Implementation' and/or device 'xc7a35t'
INFO: [Common 17-349] Got license for feature 'Implementation' and/or device 'xc7a35t'
Running DRC as a precondition to command route_design
INFO: [DRC 23-27] Running DRC with 2 threads
INFO: [Vivado_Tcl 4-198] DRC finished with 0 Errors
INFO: [Vivado_Tcl 4-199] Please refer to the DRC report (report_drc) for more information.


Starting Routing Task
INFO: [Route 35-254] Multithreading enabled for route_design using a maximum of 2 CPUs

Phase 1 Build RT Design
Checksum: PlaceDB: c87167dd ConstDB: 0 ShapeSum: d6136cb8 RouteDB: 0
Post Restoration Checksum: NetGraph: 62fc30cc | NumContArr: 17be3e68 | Constraints: 190a55ad | Timing: 0
Phase 1 Build RT Design | Checksum: 93c4c4e1

Time (s): cpu = 00:00:17 ; elapsed = 00:00:16 . Memory (MB): peak = 1970.102 ; gain = 70.230

Phase 2 Router Initialization
INFO: [Route 35-64] No timing constraints were detected. The router will operate in resource-optimization mode.

Phase 2.1 Fix Topology Constraints
Phase 2.1 Fix Topology Constraints | Checksum: 93c4c4e1

Time (s): cpu = 00:00:17 ; elapsed = 00:00:16 . Memory (MB): peak = 1976.164 ; gain = 76.293

Phase 2.2 Pre Route Cleanup
Phase 2.2 Pre Route Cleanup | Checksum: 93c4c4e1

Time (s): cpu = 00:00:17 ; elapsed = 00:00:16 . Memory (MB): peak = 1976.164 ; gain = 76.293
 Number of Nodes with overlaps = 0

Router Utilization Summary
  Global Vertical Routing Utilization    = 0 %
  Global Horizontal Routing Utilization  = 0 %
  Routable Net Status*
  *Does not include unroutable nets such as driverless and loadless.
  Run report_route_status for detailed report.
  Number of Failed Nets               = 156
    (Failed Nets is the sum of unrouted and partially routed nets)
  Number of Unrouted Nets             = 156
  Number of Partially Routed Nets     = 0
  Number of Node Overlaps             = 0

Phase 2 Router Initialization | Checksum: 12f26a942

Time (s): cpu = 00:00:17 ; elapsed = 00:00:16 . Memory (MB): peak = 1981.863 ; gain = 81.992

Phase 3 Initial Routing

Phase 3.1 Global Routing
Phase 3.1 Global Routing | Checksum: 12f26a942

Time (s): cpu = 00:00:17 ; elapsed = 00:00:16 . Memory (MB): peak = 1981.863 ; gain = 81.992
Phase 3 Initial Routing | Checksum: 1d8bf68af

Time (s): cpu = 00:00:17 ; elapsed = 00:00:16 . Memory (MB): peak = 1981.863 ; gain = 81.992

Phase 4 Rip-up And Reroute

Phase 4.1 Global Iteration 0
 Number of Nodes with overlaps = 16
 Number of Nodes with overlaps = 0
Phase 4.1 Global Iteration 0 | Checksum: 138366532

Time (s): cpu = 00:00:17 ; elapsed = 00:00:16 . Memory (MB): peak = 1981.863 ; gain = 81.992
Phase 4 Rip-up And Reroute | Checksum: 138366532

Time (s): cpu = 00:00:17 ; elapsed = 00:00:16 . Memory (MB): peak = 1981.863 ; gain = 81.992

Phase 5 Delay and Skew Optimization
Phase 5 Delay and Skew Optimization | Checksum: 138366532

Time (s): cpu = 00:00:17 ; elapsed = 00:00:16 . Memory (MB): peak = 1981.863 ; gain = 81.992

Phase 6 Post Hold Fix

Phase 6.1 Hold Fix Iter
Phase 6.1 Hold Fix Iter | Checksum: 138366532

Time (s): cpu = 00:00:17 ; elapsed = 00:00:16 . Memory (MB): peak = 1981.863 ; gain = 81.992
Phase 6 Post Hold Fix | Checksum: 138366532

Time (s): cpu = 00:00:17 ; elapsed = 00:00:16 . Memory (MB): peak = 1981.863 ; gain = 81.992

Phase 7 Route finalize

Router Utilization Summary
  Global Vertical Routing Utilization    = 0.0255122 %
  Global Horizontal Routing Utilization  = 0.038001 %
  Routable Net Status*
  *Does not include unroutable nets such as driverless and loadless.
  Run report_route_status for detailed report.
  Number of Failed Nets               = 0
    (Failed Nets is the sum of unrouted and partially routed nets)
  Number of Unrouted Nets             = 0
  Number of Partially Routed Nets     = 0
  Number of Node Overlaps             = 0


--GLOBAL Congestion:
Utilization threshold used for congestion level computation: 0.85
Congestion Report
North Dir 1x1 Area, Max Cong = 12.6126%, No Congested Regions.
South Dir 1x1 Area, Max Cong = 20.7207%, No Congested Regions.
East Dir 1x1 Area, Max Cong = 20.5882%, No Congested Regions.
West Dir 1x1 Area, Max Cong = 22.0588%, No Congested Regions.

------------------------------
Reporting congestion hotspots
------------------------------
Direction: North
----------------
Congested clusters found at Level 0
Effective congestion level: 0 Aspect Ratio: 1 Sparse Ratio: 0
Direction: South
----------------
Congested clusters found at Level 0
Effective congestion level: 0 Aspect Ratio: 1 Sparse Ratio: 0
Direction: East
----------------
Congested clusters found at Level 0
Effective congestion level: 0 Aspect Ratio: 1 Sparse Ratio: 0
Direction: West
----------------
Congested clusters found at Level 0
Effective congestion level: 0 Aspect Ratio: 1 Sparse Ratio: 0

Phase 7 Route finalize | Checksum: 138366532

Time (s): cpu = 00:00:17 ; elapsed = 00:00:16 . Memory (MB): peak = 1981.863 ; gain = 81.992

Phase 8 Verifying routed nets

 Verification completed successfully
Phase 8 Verifying routed nets | Checksum: 138366532

Time (s): cpu = 00:00:17 ; elapsed = 00:00:16 . Memory (MB): peak = 1982.508 ; gain = 82.637

Phase 9 Depositing Routes
Phase 9 Depositing Routes | Checksum: 1dbdb1d52

Time (s): cpu = 00:00:17 ; elapsed = 00:00:16 . Memory (MB): peak = 1982.508 ; gain = 82.637
INFO: [Route 35-16] Router Completed Successfully

Phase 10 Post-Route Event Processing
Phase 10 Post-Route Event Processing | Checksum: 16c515baa

Time (s): cpu = 00:00:17 ; elapsed = 00:00:16 . Memory (MB): peak = 1982.508 ; gain = 82.637

Time (s): cpu = 00:00:17 ; elapsed = 00:00:16 . Memory (MB): peak = 1982.508 ; gain = 82.637

Routing Is Done.
INFO: [Common 17-83] Releasing license: Implementation
62 Infos, 1 Warnings, 1 Critical Warnings and 0 Errors encountered.
route_design completed successfully
route_design: Time (s): cpu = 00:00:18 ; elapsed = 00:00:17 . Memory (MB): peak = 1982.508 ; gain = 93.695
INFO: [runtcl-4] Executing : report_drc -file single_cycle_calculator_drc_routed.rpt -pb single_cycle_calculator_drc_routed.pb -rpx single_cycle_calculator_drc_routed.rpx
Command: report_drc -file single_cycle_calculator_drc_routed.rpt -pb single_cycle_calculator_drc_routed.pb -rpx single_cycle_calculator_drc_routed.rpx
INFO: [IP_Flow 19-1839] IP Catalog is up to date.
INFO: [DRC 23-27] Running DRC with 2 threads
INFO: [Vivado_Tcl 2-168] The results of DRC are in file C:/Users/duckp/OneDrive/Desktop/Coding_Projects/Vivado/calculator/calculator.runs/impl_1/single_cycle_calculator_drc_routed.rpt.
report_drc completed successfully
INFO: [runtcl-4] Executing : report_methodology -file single_cycle_calculator_methodology_drc_routed.rpt -pb single_cycle_calculator_methodology_drc_routed.pb -rpx single_cycle_calculator_methodology_drc_routed.rpx
Command: report_methodology -file single_cycle_calculator_methodology_drc_routed.rpt -pb single_cycle_calculator_methodology_drc_routed.pb -rpx single_cycle_calculator_methodology_drc_routed.rpx
INFO: [Timing 38-35] Done setting XDC timing constraints.
INFO: [DRC 23-133] Running Methodology with 2 threads
INFO: [Vivado_Tcl 2-1520] The results of Report Methodology are in file C:/Users/duckp/OneDrive/Desktop/Coding_Projects/Vivado/calculator/calculator.runs/impl_1/single_cycle_calculator_methodology_drc_routed.rpt.
report_methodology completed successfully
INFO: [runtcl-4] Executing : report_power -file single_cycle_calculator_power_routed.rpt -pb single_cycle_calculator_power_summary_routed.pb -rpx single_cycle_calculator_power_routed.rpx
Command: report_power -file single_cycle_calculator_power_routed.rpt -pb single_cycle_calculator_power_summary_routed.pb -rpx single_cycle_calculator_power_routed.rpx
INFO: [Timing 38-35] Done setting XDC timing constraints.
WARNING: [Power 33-232] No user defined clocks were found in the design! Power estimation will be inaccurate until this is corrected.
Resolution: Please specify clocks using create_clock/create_generated_clock for sequential elements. For pure combinatorial circuits, please specify a virtual clock, otherwise the vectorless estimation might be inaccurate
Running Vector-less Activity Propagation...

Finished Running Vector-less Activity Propagation
72 Infos, 2 Warnings, 1 Critical Warnings and 0 Errors encountered.
report_power completed successfully
INFO: [runtcl-4] Executing : report_route_status -file single_cycle_calculator_route_status.rpt -pb single_cycle_calculator_route_status.pb
INFO: [runtcl-4] Executing : report_timing_summary -max_paths 10 -report_unconstrained -file single_cycle_calculator_timing_summary_routed.rpt -pb single_cycle_calculator_timing_summary_routed.pb -rpx single_cycle_calculator_timing_summary_routed.rpx -warn_on_violation 
INFO: [Timing 38-91] UpdateTimingParams: Speed grade: -1, Delay Type: min_max.
INFO: [Timing 38-191] Multithreading enabled for timing update using a maximum of 2 CPUs
WARNING: [Timing 38-313] There are no user specified timing constraints. Timing constraints are needed for proper timing analysis.
INFO: [runtcl-4] Executing : report_incremental_reuse -file single_cycle_calculator_incremental_reuse_routed.rpt
INFO: [Vivado_Tcl 4-1062] Incremental flow is disabled. No incremental reuse Info to report.
INFO: [runtcl-4] Executing : report_clock_utilization -file single_cycle_calculator_clock_utilization_routed.rpt
INFO: [runtcl-4] Executing : report_bus_skew -warn_on_violation -file single_cycle_calculator_bus_skew_routed.rpt -pb single_cycle_calculator_bus_skew_routed.pb -rpx single_cycle_calculator_bus_skew_routed.rpx
INFO: [Timing 38-91] UpdateTimingParams: Speed grade: -1, Delay Type: min_max.
INFO: [Timing 38-191] Multithreading enabled for timing update using a maximum of 2 CPUs
INFO: [Timing 38-480] Writing timing data to binary archive.
Writing XDEF routing.
Writing XDEF routing logical nets.
Writing XDEF routing special nets.
Write XDEF Complete: Time (s): cpu = 00:00:00 ; elapsed = 00:00:00.054 . Memory (MB): peak = 2028.379 ; gain = 0.000
INFO: [Common 17-1381] The checkpoint 'C:/Users/duckp/OneDrive/Desktop/Coding_Projects/Vivado/calculator/calculator.runs/impl_1/single_cycle_calculator_routed.dcp' has been generated.
INFO: [Common 17-206] Exiting Vivado at Wed May 24 23:56:16 2023...

*** Running vivado
    with args -log single_cycle_calculator.vdi -applog -m64 -product Vivado -messageDb vivado.pb -mode batch -source single_cycle_calculator.tcl -notrace


ECHO is off.
ECHO is off.

****** Vivado v2023.1 (64-bit)
  **** SW Build 3865809 on Sun May  7 15:05:29 MDT 2023
  **** IP Build 3864474 on Sun May  7 20:36:21 MDT 2023
  **** SharedData Build 3865790 on Sun May 07 13:33:03 MDT 2023
    ** Copyright 1986-2022 Xilinx, Inc. All Rights Reserved.
    ** Copyright 2022-2023 Advanced Micro Devices, Inc. All Rights Reserved.

source single_cycle_calculator.tcl -notrace
Command: open_checkpoint single_cycle_calculator_routed.dcp
INFO: [Device 21-403] Loading part xc7a35tcpg236-1
Netlist sorting complete. Time (s): cpu = 00:00:00 ; elapsed = 00:00:00.003 . Memory (MB): peak = 844.297 ; gain = 0.000
INFO: [Netlist 29-17] Analyzing 5 Unisim elements for replacement
INFO: [Netlist 29-28] Unisim Transformation completed in 0 CPU seconds
INFO: [Project 1-479] Netlist was created with Vivado 2023.1
INFO: [Project 1-570] Preparing netlist for logic optimization
INFO: [Timing 38-478] Restoring timing data from binary archive.
INFO: [Timing 38-479] Binary timing data restore complete.
INFO: [Project 1-856] Restoring constraints from binary archive.
INFO: [Project 1-853] Binary constraint restore complete.
Reading XDEF placement.
Reading placer database...
Reading XDEF routing.
Read XDEF Files: Time (s): cpu = 00:00:00 ; elapsed = 00:00:00.306 . Memory (MB): peak = 1537.004 ; gain = 14.512
Restored from archive | CPU: 0.000000 secs | Memory: 0.000000 MB |
Finished XDEF File Restore: Time (s): cpu = 00:00:00 ; elapsed = 00:00:00.308 . Memory (MB): peak = 1537.004 ; gain = 14.512
Netlist sorting complete. Time (s): cpu = 00:00:00 ; elapsed = 00:00:00.001 . Memory (MB): peak = 1537.004 ; gain = 0.000
INFO: [Project 1-111] Unisim Transformation Summary:
  A total of 1 instances were transformed.
  LDCP => LDCP (GND, LDCE, LUT3(x2), VCC): 1 instance 

INFO: [Project 1-604] Checkpoint was created with Vivado v2023.1 (64-bit) build 3865809
WARNING: [Vivado 12-23575] Critical violations of the methodology design rules detected. Critical violations may contribute to timing failures or cause functional issues in hardware. Run report_methodology for more information.
open_checkpoint: Time (s): cpu = 00:00:13 ; elapsed = 00:00:19 . Memory (MB): peak = 1537.004 ; gain = 1262.164
Command: write_bitstream -force single_cycle_calculator.bit
Attempting to get a license for feature 'Implementation' and/or device 'xc7a35t'
INFO: [Common 17-349] Got license for feature 'Implementation' and/or device 'xc7a35t'
Running DRC as a precondition to command write_bitstream
INFO: [IP_Flow 19-234] Refreshing IP repositories
INFO: [IP_Flow 19-1704] No user IP repositories specified
INFO: [IP_Flow 19-2313] Loaded Vivado IP repository 'C:/Xilinx/Vivado/2023.1/data/ip'.
INFO: [DRC 23-27] Running DRC with 2 threads
ERROR: [DRC NSTD-1] Unspecified I/O Standard: 17 out of 17 logical ports use I/O standard (IOSTANDARD) value 'DEFAULT', instead of a user assigned specific value. This may cause I/O contention or incompatibility with the board power or connectivity affecting performance, signal integrity or in extreme cases cause damage to the device or the components to which it is connected. To correct this violation, specify all I/O standards. This design will fail to generate a bitstream unless all logical ports have a user specified I/O standard value defined. To allow bitstream creation with unspecified I/O standard values (not recommended), use this command: set_property SEVERITY {Warning} [get_drc_checks NSTD-1].  NOTE: When using the Vivado Runs infrastructure (e.g. launch_runs Tcl command), add this command to a .tcl file and add that file as a pre-hook for write_bitstream step for the implementation run. Problem ports: Inputs[7:0], Outputs[7:0], and clockC.
ERROR: [DRC UCIO-1] Unconstrained Logical Port: 17 out of 17 logical ports have no user assigned specific location constraint (LOC). This may cause I/O contention or incompatibility with the board power or connectivity affecting performance, signal integrity or in extreme cases cause damage to the device or the components to which it is connected. To correct this violation, specify all pin locations. This design will fail to generate a bitstream unless all logical ports have a user specified site LOC constraint defined.  To allow bitstream creation with unspecified pin locations (not recommended), use this command: set_property SEVERITY {Warning} [get_drc_checks UCIO-1].  NOTE: When using the Vivado Runs infrastructure (e.g. launch_runs Tcl command), add this command to a .tcl file and add that file as a pre-hook for write_bitstream step for the implementation run.  Problem ports: Inputs[7:0], Outputs[7:0], and clockC.
WARNING: [DRC CFGBVS-1] Missing CFGBVS and CONFIG_VOLTAGE Design Properties: Neither the CFGBVS nor CONFIG_VOLTAGE voltage property is set in the current_design.  Configuration bank voltage select (CFGBVS) must be set to VCCO or GND, and CONFIG_VOLTAGE must be set to the correct configuration voltage, in order to determine the I/O voltage support for the pins in bank 0.  It is suggested to specify these either using the 'Edit Device Properties' function in the GUI or directly in the XDC file using the following syntax:

 set_property CFGBVS value1 [current_design]
 #where value1 is either VCCO or GND

 set_property CONFIG_VOLTAGE value2 [current_design]
 #where value2 is the voltage provided to configuration bank 0

Refer to the device configuration user guide for more information.
WARNING: [DRC PDRC-153] Gated clock check: Net cu/Inputs[0] is a gated clock net sourced by a combinational pin cu/set_reg_i_2/O, cell cu/set_reg_i_2. This is not good design practice and will likely impact performance. For SLICE registers, for example, use the CE pin to control the loading of data.
WARNING: [DRC PDRC-153] Gated clock check: Net cu/Inputs[1][0] is a gated clock net sourced by a combinational pin cu/Output1_reg[7]_i_2/O, cell cu/Output1_reg[7]_i_2. This is not good design practice and will likely impact performance. For SLICE registers, for example, use the CE pin to control the loading of data.
WARNING: [DRC PDRC-153] Gated clock check: Net cu/alu_reg_i_2_n_0 is a gated clock net sourced by a combinational pin cu/alu_reg_i_2/O, cell cu/alu_reg_i_2. This is not good design practice and will likely impact performance. For SLICE registers, for example, use the CE pin to control the loading of data.
WARNING: [DRC PDRC-153] Gated clock check: Net cu/inx_reg_i_1_n_0 is a gated clock net sourced by a combinational pin cu/inx_reg_i_1/O, cell cu/inx_reg_i_1. This is not good design practice and will likely impact performance. For SLICE registers, for example, use the CE pin to control the loading of data.
WARNING: [DRC PDRC-153] Gated clock check: Net cu/pri_reg/G0 is a gated clock net sourced by a combinational pin cu/pri_reg/L3_2/O, cell cu/pri_reg/L3_2. This is not good design practice and will likely impact performance. For SLICE registers, for example, use the CE pin to control the loading of data.
WARNING: [DRC PDRC-153] Gated clock check: Net cu/pri_reg_i_1_n_0 is a gated clock net sourced by a combinational pin cu/pri_reg_i_1/O, cell cu/pri_reg_i_1. This is not good design practice and will likely impact performance. For SLICE registers, for example, use the CE pin to control the loading of data.
WARNING: [DRC PDRC-153] Gated clock check: Net cu/we_reg_i_2_n_0 is a gated clock net sourced by a combinational pin cu/we_reg_i_2/O, cell cu/we_reg_i_2. This is not good design practice and will likely impact performance. For SLICE registers, for example, use the CE pin to control the loading of data.
INFO: [Vivado 12-3199] DRC finished with 2 Errors, 8 Warnings
INFO: [Vivado 12-3200] Please refer to the DRC report (report_drc) for more information.
ERROR: [Vivado 12-1345] Error(s) found during DRC. Bitgen not run.
INFO: [Common 17-83] Releasing license: Implementation
19 Infos, 9 Warnings, 0 Critical Warnings and 3 Errors encountered.
write_bitstream failed
ERROR: [Common 17-39] 'write_bitstream' failed due to earlier errors.

INFO: [Common 17-206] Exiting Vivado at Wed May 24 23:57:27 2023...
