Copyright 1986-2022 Xilinx, Inc. All Rights Reserved. Copyright 2022-2023 Advanced Micro Devices, Inc. All Rights Reserved.
------------------------------------------------------------------------------------------------------------------------------------------------------------------------------------------------------------------------------------------------------------------
| Tool Version : Vivado v.2023.1 (win64) Build 3865809 Sun May  7 15:05:29 MDT 2023
| Date         : Wed May 24 23:56:15 2023
| Host         : hyurtle running 64-bit major release  (build 9200)
| Command      : report_timing_summary -max_paths 10 -report_unconstrained -file single_cycle_calculator_timing_summary_routed.rpt -pb single_cycle_calculator_timing_summary_routed.pb -rpx single_cycle_calculator_timing_summary_routed.rpx -warn_on_violation
| Design       : single_cycle_calculator
| Device       : 7a35t-cpg236
| Speed File   : -1  PRODUCTION 1.23 2018-06-13
| Design State : Routed
------------------------------------------------------------------------------------------------------------------------------------------------------------------------------------------------------------------------------------------------------------------

Timing Summary Report

------------------------------------------------------------------------------------------------
| Timer Settings
| --------------
------------------------------------------------------------------------------------------------

  Enable Multi Corner Analysis               :  Yes
  Enable Pessimism Removal                   :  Yes
  Pessimism Removal Resolution               :  Nearest Common Node
  Enable Input Delay Default Clock           :  No
  Enable Preset / Clear Arcs                 :  No
  Disable Flight Delays                      :  No
  Ignore I/O Paths                           :  No
  Timing Early Launch at Borrowing Latches   :  No
  Borrow Time for Max Delay Exceptions       :  Yes
  Merge Timing Exceptions                    :  Yes

  Corner  Analyze    Analyze    
  Name    Max Paths  Min Paths  
  ------  ---------  ---------  
  Slow    Yes        Yes        
  Fast    Yes        Yes        


------------------------------------------------------------------------------------------------
| Report Methodology
| ------------------
------------------------------------------------------------------------------------------------

Rule       Severity          Description                     Violations  
---------  ----------------  ------------------------------  ----------  
TIMING-17  Critical Warning  Non-clocked sequential cell     35          
LUTAR-1    Warning           LUT drives async reset alert    7           
TIMING-20  Warning           Non-clocked latch               23          
LATCH-1    Advisory          Existing latches in the design  1           

Note: This report is based on the most recent report_methodology run and may not be up-to-date. Run report_methodology on the current design for the latest report.



check_timing report

Table of Contents
-----------------
1. checking no_clock (112)
2. checking constant_clock (0)
3. checking pulse_width_clock (0)
4. checking unconstrained_internal_endpoints (103)
5. checking no_input_delay (8)
6. checking no_output_delay (8)
7. checking multiple_clock (0)
8. checking generated_clocks (0)
9. checking loops (0)
10. checking partial_input_delay (0)
11. checking partial_output_delay (0)
12. checking latch_loops (0)

1. checking no_clock (112)
--------------------------
 There are 9 register/latch pins with no clock driven by root clock pin: Inputs[0] (HIGH)

 There are 9 register/latch pins with no clock driven by root clock pin: Inputs[1] (HIGH)

 There are 6 register/latch pins with no clock driven by root clock pin: Inputs[4] (HIGH)

 There are 6 register/latch pins with no clock driven by root clock pin: Inputs[5] (HIGH)

 There are 15 register/latch pins with no clock driven by root clock pin: Inputs[6] (HIGH)

 There are 15 register/latch pins with no clock driven by root clock pin: Inputs[7] (HIGH)

 There are 35 register/latch pins with no clock driven by root clock pin: clockC (HIGH)

 There are 9 register/latch pins with no clock driven by root clock pin: cu/alu_reg/Q (HIGH)

 There are 8 register/latch pins with no clock driven by root clock pin: cu/pri_reg/L7/Q (HIGH)


2. checking constant_clock (0)
------------------------------
 There are 0 register/latch pins with constant_clock.


3. checking pulse_width_clock (0)
---------------------------------
 There are 0 register/latch pins which need pulse_width check


4. checking unconstrained_internal_endpoints (103)
--------------------------------------------------
 There are 103 pins that are not constrained for maximum delay. (HIGH)

 There are 0 pins that are not constrained for maximum delay due to constant clock.


5. checking no_input_delay (8)
------------------------------
 There are 8 input ports with no input delay specified. (HIGH)

 There are 0 input ports with no input delay but user has a false path constraint.


6. checking no_output_delay (8)
-------------------------------
 There are 8 ports with no output delay specified. (HIGH)

 There are 0 ports with no output delay but user has a false path constraint

 There are 0 ports with no output delay but with a timing clock defined on it or propagating through it


7. checking multiple_clock (0)
------------------------------
 There are 0 register/latch pins with multiple clocks.


8. checking generated_clocks (0)
--------------------------------
 There are 0 generated clocks that are not connected to a clock source.


9. checking loops (0)
---------------------
 There are 0 combinational loops in the design.


10. checking partial_input_delay (0)
------------------------------------
 There are 0 input ports with partial input delay specified.


11. checking partial_output_delay (0)
-------------------------------------
 There are 0 ports with partial output delay specified.


12. checking latch_loops (0)
----------------------------
 There are 0 combinational latch loops in the design through latch input



------------------------------------------------------------------------------------------------
| Design Timing Summary
| ---------------------
------------------------------------------------------------------------------------------------

    WNS(ns)      TNS(ns)  TNS Failing Endpoints  TNS Total Endpoints      WHS(ns)      THS(ns)  THS Failing Endpoints  THS Total Endpoints     WPWS(ns)     TPWS(ns)  TPWS Failing Endpoints  TPWS Total Endpoints  
    -------      -------  ---------------------  -------------------      -------      -------  ---------------------  -------------------     --------     --------  ----------------------  --------------------  
        inf        0.000                      0                  111          inf        0.000                      0                  111           NA           NA                      NA                    NA  


There are no user specified timing constraints.


------------------------------------------------------------------------------------------------
| Clock Summary
| -------------
------------------------------------------------------------------------------------------------


------------------------------------------------------------------------------------------------
| Intra Clock Table
| -----------------
------------------------------------------------------------------------------------------------

Clock             WNS(ns)      TNS(ns)  TNS Failing Endpoints  TNS Total Endpoints      WHS(ns)      THS(ns)  THS Failing Endpoints  THS Total Endpoints     WPWS(ns)     TPWS(ns)  TPWS Failing Endpoints  TPWS Total Endpoints  
-----             -------      -------  ---------------------  -------------------      -------      -------  ---------------------  -------------------     --------     --------  ----------------------  --------------------  


------------------------------------------------------------------------------------------------
| Inter Clock Table
| -----------------
------------------------------------------------------------------------------------------------

From Clock    To Clock          WNS(ns)      TNS(ns)  TNS Failing Endpoints  TNS Total Endpoints      WHS(ns)      THS(ns)  THS Failing Endpoints  THS Total Endpoints  
----------    --------          -------      -------  ---------------------  -------------------      -------      -------  ---------------------  -------------------  


------------------------------------------------------------------------------------------------
| Other Path Groups Table
| -----------------------
------------------------------------------------------------------------------------------------

Path Group    From Clock    To Clock          WNS(ns)      TNS(ns)  TNS Failing Endpoints  TNS Total Endpoints      WHS(ns)      THS(ns)  THS Failing Endpoints  THS Total Endpoints  
----------    ----------    --------          -------      -------  ---------------------  -------------------      -------      -------  ---------------------  -------------------  


------------------------------------------------------------------------------------------------
| User Ignored Path Table
| -----------------------
------------------------------------------------------------------------------------------------

Path Group    From Clock    To Clock    
----------    ----------    --------    


------------------------------------------------------------------------------------------------
| Unconstrained Path Table
| ------------------------
------------------------------------------------------------------------------------------------

Path Group    From Clock    To Clock    
----------    ----------    --------    
(none)                                    


------------------------------------------------------------------------------------------------
| Timing Details
| --------------
------------------------------------------------------------------------------------------------


--------------------------------------------------------------------------------------
Path Group:  (none)
From Clock:  
  To Clock:  

Max Delay           111 Endpoints
Min Delay           111 Endpoints
--------------------------------------------------------------------------------------


Max Delay Paths
--------------------------------------------------------------------------------------
Slack:                    inf
  Source:                 Inputs[5]
                            (input port)
  Destination:            alu_op/Output1_reg[6]/D
  Path Group:             (none)
  Path Type:              Max at Slow Process Corner
  Data Path Delay:        7.830ns  (logic 2.398ns (30.622%)  route 5.432ns (69.378%))
  Logic Levels:           7  (CARRY4=2 IBUF=1 LUT3=1 LUT4=1 LUT6=2)

    Location             Delay type                Incr(ns)  Path(ns)    Netlist Resource(s)
  -------------------------------------------------------------------    -------------------
    W14                                               0.000     0.000 r  Inputs[5] (IN)
                         net (fo=0)                   0.000     0.000    Inputs[5]
    W14                  IBUF (Prop_ibuf_I_O)         0.935     0.935 r  Inputs_IBUF[5]_inst/O
                         net (fo=23, routed)          2.499     3.433    instruction/Inputs_IBUF[5]
    SLICE_X5Y8           LUT6 (Prop_lut6_I4_O)        0.124     3.557 f  instruction/Output10_carry_i_9/O
                         net (fo=1, routed)           0.433     3.990    instruction/Output10_carry_i_9_n_0
    SLICE_X5Y8           LUT6 (Prop_lut6_I1_O)        0.124     4.114 r  instruction/Output10_carry_i_3/O
                         net (fo=4, routed)           1.246     5.360    reg_file/DI[0]
    SLICE_X3Y9           LUT3 (Prop_lut3_I2_O)        0.124     5.484 r  reg_file/set_reg_i_6/O
                         net (fo=2, routed)           0.000     5.484    alu_op/S[1]
    SLICE_X3Y9           CARRY4 (Prop_carry4_S[1]_CO[3])
                                                      0.550     6.034 r  alu_op/Output10_carry/CO[3]
                         net (fo=1, routed)           0.000     6.034    alu_op/Output10_carry_n_0
    SLICE_X3Y10          CARRY4 (Prop_carry4_CI_O[2])
                                                      0.239     6.273 r  alu_op/Output10_carry__0/O[2]
                         net (fo=1, routed)           0.834     7.107    cu/Output10[6]
    SLICE_X4Y11          LUT4 (Prop_lut4_I1_O)        0.302     7.409 r  cu/Output1_reg[6]_i_1/O
                         net (fo=1, routed)           0.421     7.830    alu_op/reg3_reg[7][6]
    SLICE_X4Y9           LDCE                                         r  alu_op/Output1_reg[6]/D
  -------------------------------------------------------------------    -------------------

Slack:                    inf
  Source:                 Inputs[5]
                            (input port)
  Destination:            alu_op/Output1_reg[4]/D
  Path Group:             (none)
  Path Type:              Max at Slow Process Corner
  Data Path Delay:        7.528ns  (logic 2.378ns (31.585%)  route 5.150ns (68.415%))
  Logic Levels:           7  (CARRY4=2 IBUF=1 LUT3=1 LUT4=1 LUT6=2)

    Location             Delay type                Incr(ns)  Path(ns)    Netlist Resource(s)
  -------------------------------------------------------------------    -------------------
    W14                                               0.000     0.000 r  Inputs[5] (IN)
                         net (fo=0)                   0.000     0.000    Inputs[5]
    W14                  IBUF (Prop_ibuf_I_O)         0.935     0.935 r  Inputs_IBUF[5]_inst/O
                         net (fo=23, routed)          2.499     3.433    instruction/Inputs_IBUF[5]
    SLICE_X5Y8           LUT6 (Prop_lut6_I4_O)        0.124     3.557 f  instruction/Output10_carry_i_9/O
                         net (fo=1, routed)           0.433     3.990    instruction/Output10_carry_i_9_n_0
    SLICE_X5Y8           LUT6 (Prop_lut6_I1_O)        0.124     4.114 r  instruction/Output10_carry_i_3/O
                         net (fo=4, routed)           1.246     5.360    reg_file/DI[0]
    SLICE_X3Y9           LUT3 (Prop_lut3_I2_O)        0.124     5.484 r  reg_file/set_reg_i_6/O
                         net (fo=2, routed)           0.000     5.484    alu_op/S[1]
    SLICE_X3Y9           CARRY4 (Prop_carry4_S[1]_CO[3])
                                                      0.550     6.034 r  alu_op/Output10_carry/CO[3]
                         net (fo=1, routed)           0.000     6.034    alu_op/Output10_carry_n_0
    SLICE_X3Y10          CARRY4 (Prop_carry4_CI_O[0])
                                                      0.222     6.256 r  alu_op/Output10_carry__0/O[0]
                         net (fo=1, routed)           0.575     6.831    cu/Output10[4]
    SLICE_X3Y11          LUT4 (Prop_lut4_I1_O)        0.299     7.130 r  cu/Output1_reg[4]_i_1/O
                         net (fo=1, routed)           0.398     7.528    alu_op/reg3_reg[7][4]
    SLICE_X2Y11          LDCE                                         r  alu_op/Output1_reg[4]/D
  -------------------------------------------------------------------    -------------------

Slack:                    inf
  Source:                 Inputs[5]
                            (input port)
  Destination:            alu_op/Output1_reg[3]/D
  Path Group:             (none)
  Path Type:              Max at Slow Process Corner
  Data Path Delay:        7.509ns  (logic 2.253ns (30.002%)  route 5.256ns (69.998%))
  Logic Levels:           6  (CARRY4=1 IBUF=1 LUT3=1 LUT4=1 LUT6=2)

    Location             Delay type                Incr(ns)  Path(ns)    Netlist Resource(s)
  -------------------------------------------------------------------    -------------------
    W14                                               0.000     0.000 r  Inputs[5] (IN)
                         net (fo=0)                   0.000     0.000    Inputs[5]
    W14                  IBUF (Prop_ibuf_I_O)         0.935     0.935 r  Inputs_IBUF[5]_inst/O
                         net (fo=23, routed)          2.499     3.433    instruction/Inputs_IBUF[5]
    SLICE_X5Y8           LUT6 (Prop_lut6_I4_O)        0.124     3.557 f  instruction/Output10_carry_i_9/O
                         net (fo=1, routed)           0.433     3.990    instruction/Output10_carry_i_9_n_0
    SLICE_X5Y8           LUT6 (Prop_lut6_I1_O)        0.124     4.114 r  instruction/Output10_carry_i_3/O
                         net (fo=4, routed)           1.246     5.360    reg_file/DI[0]
    SLICE_X3Y9           LUT3 (Prop_lut3_I2_O)        0.124     5.484 r  reg_file/set_reg_i_6/O
                         net (fo=2, routed)           0.000     5.484    alu_op/S[1]
    SLICE_X3Y9           CARRY4 (Prop_carry4_S[1]_O[3])
                                                      0.640     6.124 r  alu_op/Output10_carry/O[3]
                         net (fo=1, routed)           0.583     6.708    cu/Output10[3]
    SLICE_X5Y9           LUT4 (Prop_lut4_I1_O)        0.306     7.014 r  cu/Output1_reg[3]_i_1/O
                         net (fo=1, routed)           0.495     7.509    alu_op/reg3_reg[7][3]
    SLICE_X2Y8           LDCE                                         r  alu_op/Output1_reg[3]/D
  -------------------------------------------------------------------    -------------------

Slack:                    inf
  Source:                 Inputs[5]
                            (input port)
  Destination:            alu_op/Output1_reg[7]/D
  Path Group:             (none)
  Path Type:              Max at Slow Process Corner
  Data Path Delay:        7.467ns  (logic 2.476ns (33.156%)  route 4.991ns (66.844%))
  Logic Levels:           7  (CARRY4=2 IBUF=1 LUT3=1 LUT4=1 LUT6=2)

    Location             Delay type                Incr(ns)  Path(ns)    Netlist Resource(s)
  -------------------------------------------------------------------    -------------------
    W14                                               0.000     0.000 r  Inputs[5] (IN)
                         net (fo=0)                   0.000     0.000    Inputs[5]
    W14                  IBUF (Prop_ibuf_I_O)         0.935     0.935 r  Inputs_IBUF[5]_inst/O
                         net (fo=23, routed)          2.499     3.433    instruction/Inputs_IBUF[5]
    SLICE_X5Y8           LUT6 (Prop_lut6_I4_O)        0.124     3.557 f  instruction/Output10_carry_i_9/O
                         net (fo=1, routed)           0.433     3.990    instruction/Output10_carry_i_9_n_0
    SLICE_X5Y8           LUT6 (Prop_lut6_I1_O)        0.124     4.114 r  instruction/Output10_carry_i_3/O
                         net (fo=4, routed)           1.246     5.360    reg_file/DI[0]
    SLICE_X3Y9           LUT3 (Prop_lut3_I2_O)        0.124     5.484 r  reg_file/set_reg_i_6/O
                         net (fo=2, routed)           0.000     5.484    alu_op/S[1]
    SLICE_X3Y9           CARRY4 (Prop_carry4_S[1]_CO[3])
                                                      0.550     6.034 r  alu_op/Output10_carry/CO[3]
                         net (fo=1, routed)           0.000     6.034    alu_op/Output10_carry_n_0
    SLICE_X3Y10          CARRY4 (Prop_carry4_CI_O[3])
                                                      0.313     6.347 r  alu_op/Output10_carry__0/O[3]
                         net (fo=1, routed)           0.814     7.161    cu/Output10[7]
    SLICE_X2Y11          LUT4 (Prop_lut4_I1_O)        0.306     7.467 r  cu/Output1_reg[7]_i_1/O
                         net (fo=1, routed)           0.000     7.467    alu_op/reg3_reg[7][7]
    SLICE_X2Y11          LDCE                                         r  alu_op/Output1_reg[7]/D
  -------------------------------------------------------------------    -------------------

Slack:                    inf
  Source:                 Inputs[5]
                            (input port)
  Destination:            alu_op/Output1_reg[1]/D
  Path Group:             (none)
  Path Type:              Max at Slow Process Corner
  Data Path Delay:        7.465ns  (logic 1.837ns (24.606%)  route 5.628ns (75.394%))
  Logic Levels:           6  (CARRY4=1 IBUF=1 LUT3=1 LUT4=1 LUT6=2)

    Location             Delay type                Incr(ns)  Path(ns)    Netlist Resource(s)
  -------------------------------------------------------------------    -------------------
    W14                                               0.000     0.000 r  Inputs[5] (IN)
                         net (fo=0)                   0.000     0.000    Inputs[5]
    W14                  IBUF (Prop_ibuf_I_O)         0.935     0.935 r  Inputs_IBUF[5]_inst/O
                         net (fo=23, routed)          2.499     3.433    instruction/Inputs_IBUF[5]
    SLICE_X5Y8           LUT6 (Prop_lut6_I4_O)        0.124     3.557 f  instruction/Output10_carry_i_9/O
                         net (fo=1, routed)           0.433     3.990    instruction/Output10_carry_i_9_n_0
    SLICE_X5Y8           LUT6 (Prop_lut6_I1_O)        0.124     4.114 r  instruction/Output10_carry_i_3/O
                         net (fo=4, routed)           1.246     5.360    reg_file/DI[0]
    SLICE_X3Y9           LUT3 (Prop_lut3_I2_O)        0.124     5.484 r  reg_file/set_reg_i_6/O
                         net (fo=2, routed)           0.000     5.484    alu_op/S[1]
    SLICE_X3Y9           CARRY4 (Prop_carry4_S[1]_O[1])
                                                      0.227     5.711 r  alu_op/Output10_carry/O[1]
                         net (fo=1, routed)           0.792     6.503    cu/Output10[1]
    SLICE_X5Y9           LUT4 (Prop_lut4_I1_O)        0.303     6.806 r  cu/Output1_reg[1]_i_1/O
                         net (fo=1, routed)           0.659     7.465    alu_op/reg3_reg[7][1]
    SLICE_X4Y9           LDCE                                         r  alu_op/Output1_reg[1]/D
  -------------------------------------------------------------------    -------------------

Slack:                    inf
  Source:                 Inputs[5]
                            (input port)
  Destination:            alu_op/Output1_reg[5]/D
  Path Group:             (none)
  Path Type:              Max at Slow Process Corner
  Data Path Delay:        7.265ns  (logic 2.494ns (34.324%)  route 4.772ns (65.676%))
  Logic Levels:           7  (CARRY4=2 IBUF=1 LUT3=1 LUT4=1 LUT6=2)

    Location             Delay type                Incr(ns)  Path(ns)    Netlist Resource(s)
  -------------------------------------------------------------------    -------------------
    W14                                               0.000     0.000 r  Inputs[5] (IN)
                         net (fo=0)                   0.000     0.000    Inputs[5]
    W14                  IBUF (Prop_ibuf_I_O)         0.935     0.935 r  Inputs_IBUF[5]_inst/O
                         net (fo=23, routed)          2.499     3.433    instruction/Inputs_IBUF[5]
    SLICE_X5Y8           LUT6 (Prop_lut6_I4_O)        0.124     3.557 f  instruction/Output10_carry_i_9/O
                         net (fo=1, routed)           0.433     3.990    instruction/Output10_carry_i_9_n_0
    SLICE_X5Y8           LUT6 (Prop_lut6_I1_O)        0.124     4.114 r  instruction/Output10_carry_i_3/O
                         net (fo=4, routed)           1.246     5.360    reg_file/DI[0]
    SLICE_X3Y9           LUT3 (Prop_lut3_I2_O)        0.124     5.484 r  reg_file/set_reg_i_6/O
                         net (fo=2, routed)           0.000     5.484    alu_op/S[1]
    SLICE_X3Y9           CARRY4 (Prop_carry4_S[1]_CO[3])
                                                      0.550     6.034 r  alu_op/Output10_carry/CO[3]
                         net (fo=1, routed)           0.000     6.034    alu_op/Output10_carry_n_0
    SLICE_X3Y10          CARRY4 (Prop_carry4_CI_O[1])
                                                      0.334     6.368 r  alu_op/Output10_carry__0/O[1]
                         net (fo=1, routed)           0.594     6.962    cu/Output10[5]
    SLICE_X2Y11          LUT4 (Prop_lut4_I1_O)        0.303     7.265 r  cu/Output1_reg[5]_i_1/O
                         net (fo=1, routed)           0.000     7.265    alu_op/reg3_reg[7][5]
    SLICE_X2Y11          LDCE                                         r  alu_op/Output1_reg[5]/D
  -------------------------------------------------------------------    -------------------

Slack:                    inf
  Source:                 Inputs[5]
                            (input port)
  Destination:            alu_op/Output1_reg[2]/D
  Path Group:             (none)
  Path Type:              Max at Slow Process Corner
  Data Path Delay:        7.229ns  (logic 2.189ns (30.276%)  route 5.040ns (69.724%))
  Logic Levels:           6  (CARRY4=1 IBUF=1 LUT3=1 LUT4=1 LUT6=2)

    Location             Delay type                Incr(ns)  Path(ns)    Netlist Resource(s)
  -------------------------------------------------------------------    -------------------
    W14                                               0.000     0.000 r  Inputs[5] (IN)
                         net (fo=0)                   0.000     0.000    Inputs[5]
    W14                  IBUF (Prop_ibuf_I_O)         0.935     0.935 r  Inputs_IBUF[5]_inst/O
                         net (fo=23, routed)          2.499     3.433    instruction/Inputs_IBUF[5]
    SLICE_X5Y8           LUT6 (Prop_lut6_I4_O)        0.124     3.557 f  instruction/Output10_carry_i_9/O
                         net (fo=1, routed)           0.433     3.990    instruction/Output10_carry_i_9_n_0
    SLICE_X5Y8           LUT6 (Prop_lut6_I1_O)        0.124     4.114 r  instruction/Output10_carry_i_3/O
                         net (fo=4, routed)           1.246     5.360    reg_file/DI[0]
    SLICE_X3Y9           LUT3 (Prop_lut3_I2_O)        0.124     5.484 r  reg_file/set_reg_i_6/O
                         net (fo=2, routed)           0.000     5.484    alu_op/S[1]
    SLICE_X3Y9           CARRY4 (Prop_carry4_S[1]_O[2])
                                                      0.580     6.064 r  alu_op/Output10_carry/O[2]
                         net (fo=1, routed)           0.301     6.366    cu/Output10[2]
    SLICE_X5Y9           LUT4 (Prop_lut4_I1_O)        0.302     6.668 r  cu/Output1_reg[2]_i_1/O
                         net (fo=1, routed)           0.561     7.229    alu_op/reg3_reg[7][2]
    SLICE_X2Y8           LDCE                                         r  alu_op/Output1_reg[2]/D
  -------------------------------------------------------------------    -------------------

Slack:                    inf
  Source:                 Inputs[5]
                            (input port)
  Destination:            alu_op/set_reg/D
  Path Group:             (none)
  Path Type:              Max at Slow Process Corner
  Data Path Delay:        6.679ns  (logic 1.431ns (21.422%)  route 5.248ns (78.578%))
  Logic Levels:           5  (IBUF=1 LUT3=1 LUT6=3)

    Location             Delay type                Incr(ns)  Path(ns)    Netlist Resource(s)
  -------------------------------------------------------------------    -------------------
    W14                                               0.000     0.000 r  Inputs[5] (IN)
                         net (fo=0)                   0.000     0.000    Inputs[5]
    W14                  IBUF (Prop_ibuf_I_O)         0.935     0.935 r  Inputs_IBUF[5]_inst/O
                         net (fo=23, routed)          2.499     3.433    instruction/Inputs_IBUF[5]
    SLICE_X5Y8           LUT6 (Prop_lut6_I4_O)        0.124     3.557 f  instruction/Output10_carry_i_9/O
                         net (fo=1, routed)           0.433     3.990    instruction/Output10_carry_i_9_n_0
    SLICE_X5Y8           LUT6 (Prop_lut6_I1_O)        0.124     4.114 r  instruction/Output10_carry_i_3/O
                         net (fo=4, routed)           1.246     5.360    reg_file/DI[0]
    SLICE_X3Y9           LUT3 (Prop_lut3_I2_O)        0.124     5.484 r  reg_file/set_reg_i_6/O
                         net (fo=2, routed)           0.426     5.910    reg_file/set_reg_i_6_0[0]
    SLICE_X2Y10          LUT6 (Prop_lut6_I3_O)        0.124     6.034 r  reg_file/set_reg_i_1/O
                         net (fo=1, routed)           0.644     6.679    alu_op/set_st_reg
    SLICE_X2Y7           LDCE                                         r  alu_op/set_reg/D
  -------------------------------------------------------------------    -------------------

Slack:                    inf
  Source:                 Inputs[5]
                            (input port)
  Destination:            alu_op/Output1_reg[0]/D
  Path Group:             (none)
  Path Type:              Max at Slow Process Corner
  Data Path Delay:        6.660ns  (logic 2.081ns (31.243%)  route 4.579ns (68.757%))
  Logic Levels:           6  (CARRY4=1 IBUF=1 LUT3=1 LUT4=2 LUT6=1)

    Location             Delay type                Incr(ns)  Path(ns)    Netlist Resource(s)
  -------------------------------------------------------------------    -------------------
    W14                                               0.000     0.000 f  Inputs[5] (IN)
                         net (fo=0)                   0.000     0.000    Inputs[5]
    W14                  IBUF (Prop_ibuf_I_O)         0.935     0.935 f  Inputs_IBUF[5]_inst/O
                         net (fo=23, routed)          1.395     2.330    instruction/Inputs_IBUF[5]
    SLICE_X3Y8           LUT4 (Prop_lut4_I3_O)        0.150     2.480 r  instruction/Output10_carry_i_11/O
                         net (fo=10, routed)          0.831     3.311    instruction/set_st_reg_0
    SLICE_X2Y8           LUT6 (Prop_lut6_I4_O)        0.326     3.637 r  instruction/Output10_carry_i_14/O
                         net (fo=4, routed)           1.162     4.799    instruction/Input1[0]
    SLICE_X4Y9           LUT3 (Prop_lut3_I0_O)        0.124     4.923 r  instruction/Output1_reg[3]_i_9/O
                         net (fo=1, routed)           0.000     4.923    instruction/Output1_reg[3]_i_9_n_0
    SLICE_X4Y9           CARRY4 (Prop_carry4_S[0]_O[0])
                                                      0.247     5.170 r  instruction/Output1_reg[3]_i_2/O[0]
                         net (fo=1, routed)           0.686     5.856    cu/Output100_in[0]
    SLICE_X5Y9           LUT4 (Prop_lut4_I3_O)        0.299     6.155 r  cu/Output1_reg[0]_i_1/O
                         net (fo=1, routed)           0.505     6.660    alu_op/reg3_reg[7][0]
    SLICE_X4Y9           LDCE                                         r  alu_op/Output1_reg[0]/D
  -------------------------------------------------------------------    -------------------

Slack:                    inf
  Source:                 Inputs[2]
                            (input port)
  Destination:            print/led_reg[7]/D
  Path Group:             (none)
  Path Type:              Max at Slow Process Corner
  Data Path Delay:        5.030ns  (logic 1.182ns (23.504%)  route 3.848ns (76.496%))
  Logic Levels:           3  (IBUF=1 LUT4=1 LUT6=1)

    Location             Delay type                Incr(ns)  Path(ns)    Netlist Resource(s)
  -------------------------------------------------------------------    -------------------
    V13                                               0.000     0.000 f  Inputs[2] (IN)
                         net (fo=0)                   0.000     0.000    Inputs[2]
    V13                  IBUF (Prop_ibuf_I_O)         0.934     0.934 f  Inputs_IBUF[2]_inst/O
                         net (fo=2, routed)           1.262     2.197    instruction/Inputs_IBUF[2]
    SLICE_X3Y7           LUT4 (Prop_lut4_I3_O)        0.124     2.321 r  instruction/led_reg[7]_i_2/O
                         net (fo=8, routed)           2.044     4.365    reg_file/led_reg[7]
    SLICE_X3Y11          LUT6 (Prop_lut6_I2_O)        0.124     4.489 r  reg_file/led_reg[7]_i_1/O
                         net (fo=3, routed)           0.541     5.030    print/D[7]
    SLICE_X3Y10          LDCE                                         r  print/led_reg[7]/D
  -------------------------------------------------------------------    -------------------





Min Delay Paths
--------------------------------------------------------------------------------------
Slack:                    inf
  Source:                 cu/bb_reg/G
                            (positive level-sensitive latch)
  Destination:            instruction/branch_st_reg/D
  Path Group:             (none)
  Path Type:              Min at Fast Process Corner
  Data Path Delay:        0.339ns  (logic 0.240ns (70.746%)  route 0.099ns (29.254%))
  Logic Levels:           1  (LDCE=1)

    Location             Delay type                Incr(ns)  Path(ns)    Netlist Resource(s)
  -------------------------------------------------------------------    -------------------
    SLICE_X2Y6           LDCE                         0.000     0.000 r  cu/bb_reg/G
    SLICE_X2Y6           LDCE (EnToQ_ldce_G_Q)        0.240     0.240 r  cu/bb_reg/Q
                         net (fo=1, routed)           0.099     0.339    instruction/sigB
    SLICE_X1Y7           FDRE                                         r  instruction/branch_st_reg/D
  -------------------------------------------------------------------    -------------------

Slack:                    inf
  Source:                 cu/jb_reg/G
                            (positive level-sensitive latch)
  Destination:            instruction/jump_st_reg/D
  Path Group:             (none)
  Path Type:              Min at Fast Process Corner
  Data Path Delay:        0.341ns  (logic 0.220ns (64.433%)  route 0.121ns (35.567%))
  Logic Levels:           1  (LDCE=1)

    Location             Delay type                Incr(ns)  Path(ns)    Netlist Resource(s)
  -------------------------------------------------------------------    -------------------
    SLICE_X0Y6           LDCE                         0.000     0.000 r  cu/jb_reg/G
    SLICE_X0Y6           LDCE (EnToQ_ldce_G_Q)        0.220     0.220 r  cu/jb_reg/Q
                         net (fo=1, routed)           0.121     0.341    instruction/sigJ
    SLICE_X0Y7           FDRE                                         r  instruction/jump_st_reg/D
  -------------------------------------------------------------------    -------------------

Slack:                    inf
  Source:                 reg_file/reg1_reg[5]/C
                            (rising edge-triggered cell FDRE)
  Destination:            print/led_reg[5]/D
  Path Group:             (none)
  Path Type:              Min at Fast Process Corner
  Data Path Delay:        0.367ns  (logic 0.209ns (56.935%)  route 0.158ns (43.065%))
  Logic Levels:           2  (FDRE=1 LUT6=1)

    Location             Delay type                Incr(ns)  Path(ns)    Netlist Resource(s)
  -------------------------------------------------------------------    -------------------
    SLICE_X2Y9           FDRE                         0.000     0.000 r  reg_file/reg1_reg[5]/C
    SLICE_X2Y9           FDRE (Prop_fdre_C_Q)         0.164     0.164 r  reg_file/reg1_reg[5]/Q
                         net (fo=2, routed)           0.158     0.322    reg_file/reg1_reg[6]_0[5]
    SLICE_X1Y10          LUT6 (Prop_lut6_I3_O)        0.045     0.367 r  reg_file/led_reg[5]_i_1/O
                         net (fo=5, routed)           0.000     0.367    print/D[5]
    SLICE_X1Y10          LDCE                                         r  print/led_reg[5]/D
  -------------------------------------------------------------------    -------------------

Slack:                    inf
  Source:                 reg_file/reg1_reg[2]/C
                            (rising edge-triggered cell FDRE)
  Destination:            print/led_reg[2]/D
  Path Group:             (none)
  Path Type:              Min at Fast Process Corner
  Data Path Delay:        0.434ns  (logic 0.186ns (42.856%)  route 0.248ns (57.144%))
  Logic Levels:           2  (FDRE=1 LUT6=1)

    Location             Delay type                Incr(ns)  Path(ns)    Netlist Resource(s)
  -------------------------------------------------------------------    -------------------
    SLICE_X4Y7           FDRE                         0.000     0.000 r  reg_file/reg1_reg[2]/C
    SLICE_X4Y7           FDRE (Prop_fdre_C_Q)         0.141     0.141 r  reg_file/reg1_reg[2]/Q
                         net (fo=2, routed)           0.123     0.264    reg_file/reg1_reg[6]_0[2]
    SLICE_X3Y8           LUT6 (Prop_lut6_I3_O)        0.045     0.309 r  reg_file/led_reg[2]_i_1/O
                         net (fo=5, routed)           0.125     0.434    print/D[2]
    SLICE_X1Y9           LDCE                                         r  print/led_reg[2]/D
  -------------------------------------------------------------------    -------------------

Slack:                    inf
  Source:                 instruction/branch_st_reg/C
                            (rising edge-triggered cell FDRE)
  Destination:            reg_file/reg1_reg[1]/CE
  Path Group:             (none)
  Path Type:              Min at Fast Process Corner
  Data Path Delay:        0.473ns  (logic 0.186ns (39.336%)  route 0.287ns (60.664%))
  Logic Levels:           2  (FDRE=1 LUT6=1)

    Location             Delay type                Incr(ns)  Path(ns)    Netlist Resource(s)
  -------------------------------------------------------------------    -------------------
    SLICE_X1Y7           FDRE                         0.000     0.000 r  instruction/branch_st_reg/C
    SLICE_X1Y7           FDRE (Prop_fdre_C_Q)         0.141     0.141 r  instruction/branch_st_reg/Q
                         net (fo=16, routed)          0.162     0.303    instruction/branch_st
    SLICE_X2Y7           LUT6 (Prop_lut6_I4_O)        0.045     0.348 r  instruction/reg1[7]_i_1/O
                         net (fo=8, routed)           0.125     0.473    reg_file/reg1_reg[7]_0[0]
    SLICE_X4Y7           FDRE                                         r  reg_file/reg1_reg[1]/CE
  -------------------------------------------------------------------    -------------------

Slack:                    inf
  Source:                 instruction/branch_st_reg/C
                            (rising edge-triggered cell FDRE)
  Destination:            reg_file/reg1_reg[2]/CE
  Path Group:             (none)
  Path Type:              Min at Fast Process Corner
  Data Path Delay:        0.473ns  (logic 0.186ns (39.336%)  route 0.287ns (60.664%))
  Logic Levels:           2  (FDRE=1 LUT6=1)

    Location             Delay type                Incr(ns)  Path(ns)    Netlist Resource(s)
  -------------------------------------------------------------------    -------------------
    SLICE_X1Y7           FDRE                         0.000     0.000 r  instruction/branch_st_reg/C
    SLICE_X1Y7           FDRE (Prop_fdre_C_Q)         0.141     0.141 r  instruction/branch_st_reg/Q
                         net (fo=16, routed)          0.162     0.303    instruction/branch_st
    SLICE_X2Y7           LUT6 (Prop_lut6_I4_O)        0.045     0.348 r  instruction/reg1[7]_i_1/O
                         net (fo=8, routed)           0.125     0.473    reg_file/reg1_reg[7]_0[0]
    SLICE_X4Y7           FDRE                                         r  reg_file/reg1_reg[2]/CE
  -------------------------------------------------------------------    -------------------

Slack:                    inf
  Source:                 instruction/branch_st_reg/C
                            (rising edge-triggered cell FDRE)
  Destination:            reg_file/reg0_reg[2]/CE
  Path Group:             (none)
  Path Type:              Min at Fast Process Corner
  Data Path Delay:        0.497ns  (logic 0.186ns (37.442%)  route 0.311ns (62.558%))
  Logic Levels:           2  (FDRE=1 LUT6=1)

    Location             Delay type                Incr(ns)  Path(ns)    Netlist Resource(s)
  -------------------------------------------------------------------    -------------------
    SLICE_X1Y7           FDRE                         0.000     0.000 r  instruction/branch_st_reg/C
    SLICE_X1Y7           FDRE (Prop_fdre_C_Q)         0.141     0.141 r  instruction/branch_st_reg/Q
                         net (fo=16, routed)          0.171     0.312    instruction/branch_st
    SLICE_X2Y7           LUT6 (Prop_lut6_I5_O)        0.045     0.357 r  instruction/reg0[7]_i_1/O
                         net (fo=8, routed)           0.140     0.497    reg_file/reg0_reg[7]_1[0]
    SLICE_X3Y7           FDRE                                         r  reg_file/reg0_reg[2]/CE
  -------------------------------------------------------------------    -------------------

Slack:                    inf
  Source:                 alu_op/set_reg/G
                            (positive level-sensitive latch)
  Destination:            instruction/set_st_reg/D
  Path Group:             (none)
  Path Type:              Min at Fast Process Corner
  Data Path Delay:        0.500ns  (logic 0.178ns (35.575%)  route 0.322ns (64.425%))
  Logic Levels:           1  (LDCE=1)

    Location             Delay type                Incr(ns)  Path(ns)    Netlist Resource(s)
  -------------------------------------------------------------------    -------------------
    SLICE_X2Y7           LDCE                         0.000     0.000 r  alu_op/set_reg/G
    SLICE_X2Y7           LDCE (EnToQ_ldce_G_Q)        0.178     0.178 r  alu_op/set_reg/Q
                         net (fo=1, routed)           0.322     0.500    instruction/sigS
    SLICE_X1Y7           FDRE                                         r  instruction/set_st_reg/D
  -------------------------------------------------------------------    -------------------

Slack:                    inf
  Source:                 reg_file/reg0_reg[6]/C
                            (rising edge-triggered cell FDRE)
  Destination:            print/led_reg[6]/D
  Path Group:             (none)
  Path Type:              Min at Fast Process Corner
  Data Path Delay:        0.501ns  (logic 0.186ns (37.146%)  route 0.315ns (62.854%))
  Logic Levels:           2  (FDRE=1 LUT6=1)

    Location             Delay type                Incr(ns)  Path(ns)    Netlist Resource(s)
  -------------------------------------------------------------------    -------------------
    SLICE_X4Y10          FDRE                         0.000     0.000 r  reg_file/reg0_reg[6]/C
    SLICE_X4Y10          FDRE (Prop_fdre_C_Q)         0.141     0.141 r  reg_file/reg0_reg[6]/Q
                         net (fo=2, routed)           0.065     0.206    reg_file/reg0_reg[7]_0[6]
    SLICE_X5Y10          LUT6 (Prop_lut6_I0_O)        0.045     0.251 r  reg_file/led_reg[6]_i_1/O
                         net (fo=5, routed)           0.250     0.501    print/D[6]
    SLICE_X1Y10          LDCE                                         r  print/led_reg[6]/D
  -------------------------------------------------------------------    -------------------

Slack:                    inf
  Source:                 instruction/branch_st_reg/C
                            (rising edge-triggered cell FDRE)
  Destination:            reg_file/reg0_reg[1]/CE
  Path Group:             (none)
  Path Type:              Min at Fast Process Corner
  Data Path Delay:        0.503ns  (logic 0.186ns (36.995%)  route 0.317ns (63.005%))
  Logic Levels:           2  (FDRE=1 LUT6=1)

    Location             Delay type                Incr(ns)  Path(ns)    Netlist Resource(s)
  -------------------------------------------------------------------    -------------------
    SLICE_X1Y7           FDRE                         0.000     0.000 r  instruction/branch_st_reg/C
    SLICE_X1Y7           FDRE (Prop_fdre_C_Q)         0.141     0.141 r  instruction/branch_st_reg/Q
                         net (fo=16, routed)          0.171     0.312    instruction/branch_st
    SLICE_X2Y7           LUT6 (Prop_lut6_I5_O)        0.045     0.357 r  instruction/reg0[7]_i_1/O
                         net (fo=8, routed)           0.146     0.503    reg_file/reg0_reg[7]_1[0]
    SLICE_X5Y7           FDRE                                         r  reg_file/reg0_reg[1]/CE
  -------------------------------------------------------------------    -------------------





